03-24 20:46:44.904 12990 12990 D StateManager: 	at com.android.launcher3.QuickstepTransitionManager$WallpaperOpenLauncherAnimationRunner.onAnimationStart(go/retraceme 72a59688580715d19f0e415c69e80376c2f062d1648c80db6730905005a27c20:17)
03-24 20:46:44.904 12990 12990 D b/311077782: LauncherAnimationRunner.setAnimation
03-24 20:46:44.907 12990 13026 W HWUI    : Image decoding logging dropped!
03-24 20:46:44.909 12990 13026 W HWUI    : Image decoding logging dropped!
03-24 20:46:44.920 12990 13026 W HWUI    : Image decoding logging dropped!
03-24 20:46:44.923   599 13182 W IPCThreadState: Sending oneway calls to frozen process.
03-24 20:46:44.923   599 13182 W IPCThreadState: Sending oneway calls to frozen process.
03-24 20:46:44.923   716   888 I ImeTracker: com.google.android.apps.nexuslauncher:9db43cd8: onRequestHide at ORIGIN_SERVER reason HIDE_SAME_WINDOW_FOCUSED_WITHOUT_EDITOR fromUser false
03-24 20:46:44.923 12990 12990 D InsetsController: hide(ime(), fromIme=false)
03-24 20:46:44.923 12990 12990 I ImeTracker: com.google.android.apps.nexuslauncher:9db43cd8: onCancelled at PHASE_CLIENT_ALREADY_HIDDEN
03-24 20:46:44.926  6769  6769 I GoogleInputMethodService: GoogleInputMethodService.onFinishInput():2043 
03-24 20:46:44.926   553   553 E SurfaceFlinger: Out of order buffers detected for RequestedLayerState{com.google.android.apps.nexuslauncher/com.google.android.apps.nexuslauncher.NexusLauncherActivity#1063 parentId=402} producedId=17 frameNumber=365 -> producedId=17 frameNumber=158
03-24 20:46:44.927   553   553 I BpBinder: onLastStrongRef automatically unlinking death recipients: 
03-24 20:46:44.930  6769  6769 I Module  : DeviceLockedStatusModuleProvider$Module.updateDeviceLockedStatus():100 repeatCheckTimes = 0, locked = false
03-24 20:46:44.935  6769  6769 I GoogleInputMethodService: GoogleInputMethodService.onStartInput():1293 onStartInput(EditorInfo{EditorInfo{packageName=com.google.android.apps.nexuslauncher, inputType=0, inputTypeString=NULL, enableLearning=false, autoCorrection=false, autoComplete=false, imeOptions=0, privateImeOptions=null, actionName=UNSPECIFIED, actionLabel=null, initialSelStart=-1, initialSelEnd=-1, initialCapsMode=0, label=null, fieldId=0, fieldName=null, extras=null, hintText=null, hintLocales=[]}}, false)
03-24 20:46:44.941 12990 13003 W System  : A resource failed to call release. 
03-24 20:46:44.941 12990 13003 W System  : A resource failed to call release. 
03-24 20:46:44.941 12990 13003 W System  : A resource failed to call release. 
03-24 20:46:44.941 12990 13003 W System  : A resource failed to call release. 
03-24 20:46:44.941 12990 13003 W System  : A resource failed to call release. 
03-24 20:46:44.941  6769  6769 I Module  : DeviceLockedStatusModuleProvider$Module.updateDeviceLockedStatus():100 repeatCheckTimes = 1, locked = false
03-24 20:46:44.941 12990 13003 W System  : A resource failed to call release. 
03-24 20:46:44.943  6769  6769 I EmojiCompatManager: EmojiCompatManager.getEmojiCompatIfLoaded():343 EmojiCompat.init() was never called.
03-24 20:46:44.943  6769  6769 I EmojiCompatManager: java.lang.IllegalStateException: EmojiCompat is not initialized. Please call EmojiCompat.init() first
03-24 20:46:44.943  6769  6769 I EmojiCompatManager: 	at asx.p(PG:6)
03-24 20:46:44.943  6769  6769 I EmojiCompatManager: 	at axb.b(PG:13)
03-24 20:46:44.943  6769  6769 I EmojiCompatManager: 	at jnr.b(PG:2)
03-24 20:46:44.943  6769  6769 I EmojiCompatManager: 	at jnr.c(PG:4)
03-24 20:46:44.943  6769  6769 I EmojiCompatManager: 	at jnr.f(PG:3)
03-24 20:46:44.943  6769  6769 I EmojiCompatManager: 	at jnx.c(PG:3)
03-24 20:46:44.943  6769  6769 I EmojiCompatManager: 	at kif.cz(PG:47)
03-24 20:46:44.943  6769  6769 I EmojiCompatManager: 	at lhl.run(PG:1025)
03-24 20:46:44.943  6769  6769 I EmojiCompatManager: 	at jaf.execute(PG:12)
03-24 20:46:44.943  6769  6769 I EmojiCompatManager: 	at nco.v(PG:13)
03-24 20:46:44.943  6769  6769 I EmojiCompatManager: 	at lhn.m(PG:96)
03-24 20:46:44.943  6769  6769 I EmojiCompatManager: 	at lhn.k(PG:25)
03-24 20:46:44.943  6769  6769 I EmojiCompatManager: 	at kgn.onStartInput(PG:250)
03-24 20:46:44.943  6769  6769 I EmojiCompatManager: 	at android.inputmethodservice.InputMethodService.doStartInput(InputMethodService.java:3521)
03-24 20:46:44.943  6769  6769 I EmojiCompatManager: 	at android.inputmethodservice.InputMethodService$InputMethodImpl.startInput(InputMethodService.java:879)
03-24 20:46:44.943  6769  6769 I EmojiCompatManager: 	at android.inputmethodservice.InputMethodService$InputMethodImpl.dispatchStartInput(InputMethodService.java:908)
03-24 20:46:44.943  6769  6769 I EmojiCompatManager: 	at android.inputmethodservice.IInputMethodWrapper.executeMessage(IInputMethodWrapper.java:201)
03-24 20:46:44.943  6769  6769 I EmojiCompatManager: 	at com.android.internal.os.HandlerCaller$MyHandler.handleMessage(HandlerCaller.java:44)
03-24 20:46:44.943  6769  6769 I EmojiCompatManager: 	at android.os.Handler.dispatchMessage(Handler.java:110)
03-24 20:46:44.943  6769  6769 I EmojiCompatManager: 	at android.os.Looper.loopOnce(Looper.java:248)
03-24 20:46:44.943  6769  6769 I EmojiCompatManager: 	at android.os.Looper.loop(Looper.java:338)
03-24 20:46:44.943  6769  6769 I EmojiCompatManager: 	at android.app.ActivityThread.main(ActivityThread.java:9067)
03-24 20:46:44.943  6769  6769 I EmojiCompatManager: 	at java.lang.reflect.Method.invoke(Native Method)
03-24 20:46:44.943  6769  6769 I EmojiCompatManager: 	at com.android.internal.os.RuntimeInit$MethodAndArgsCaller.run(RuntimeInit.java:593)
03-24 20:46:44.943  6769  6769 I EmojiCompatManager: 	at com.android.internal.os.ZygoteInit.main(ZygoteInit.java:932)
03-24 20:46:44.944   716  2086 W PackageConfigPersister: App-specific configuration not found for packageName: com.google.android.apps.nexuslauncher and userId: 0
03-24 20:46:44.945   553   553 E SurfaceFlinger: Out of order buffers detected for RequestedLayerState{com.google.android.apps.nexuslauncher/com.google.android.apps.nexuslauncher.NexusLauncherActivity#1063 parentId=402} producedId=17 frameNumber=365 -> producedId=17 frameNumber=159
03-24 20:46:44.956 13224 13252 W WindowOnBackDispatcher: sendCancelIfRunning: isInProgress=false callback=android.view.ViewRootImpl$$ExternalSyntheticLambda13@8323b08
03-24 20:46:44.956   716  2386 D CoreBackPreview: Window{a22911f u0 Splash Screen com.postventa.alimin EXITING}: Setting back callback null
03-24 20:46:44.960   553   553 E SurfaceFlinger: Out of order buffers detected for RequestedLayerState{com.google.android.apps.nexuslauncher/com.google.android.apps.nexuslauncher.NexusLauncherActivity#1063 parentId=402} producedId=17 frameNumber=365 -> producedId=17 frameNumber=160
03-24 20:46:44.977   553   553 E SurfaceFlinger: Out of order buffers detected for RequestedLayerState{com.google.android.apps.nexuslauncher/com.google.android.apps.nexuslauncher.NexusLauncherActivity#1063 parentId=402} producedId=17 frameNumber=365 -> producedId=17 frameNumber=161
03-24 20:46:44.993   553   553 E SurfaceFlinger: Out of order buffers detected for RequestedLayerState{com.google.android.apps.nexuslauncher/com.google.android.apps.nexuslauncher.NexusLauncherActivity#1063 parentId=402} producedId=17 frameNumber=365 -> producedId=17 frameNumber=162
03-24 20:46:45.010   553   553 E SurfaceFlinger: Out of order buffers detected for RequestedLayerState{com.google.android.apps.nexuslauncher/com.google.android.apps.nexuslauncher.NexusLauncherActivity#1063 parentId=402} producedId=17 frameNumber=365 -> producedId=17 frameNumber=163
03-24 20:46:45.027   553   553 E SurfaceFlinger: Out of order buffers detected for RequestedLayerState{com.google.android.apps.nexuslauncher/com.google.android.apps.nexuslauncher.NexusLauncherActivity#1063 parentId=402} producedId=17 frameNumber=365 -> producedId=17 frameNumber=164
03-24 20:46:45.045   553   553 E SurfaceFlinger: Out of order buffers detected for RequestedLayerState{com.google.android.apps.nexuslauncher/com.google.android.apps.nexuslauncher.NexusLauncherActivity#1063 parentId=402} producedId=17 frameNumber=365 -> producedId=17 frameNumber=165
03-24 20:46:45.060   553   553 E SurfaceFlinger: Out of order buffers detected for RequestedLayerState{com.google.android.apps.nexuslauncher/com.google.android.apps.nexuslauncher.NexusLauncherActivity#1063 parentId=402} producedId=17 frameNumber=365 -> producedId=17 frameNumber=166
03-24 20:46:45.077   553   553 E SurfaceFlinger: Out of order buffers detected for RequestedLayerState{com.google.android.apps.nexuslauncher/com.google.android.apps.nexuslauncher.NexusLauncherActivity#1063 parentId=402} producedId=17 frameNumber=365 -> producedId=17 frameNumber=167
03-24 20:46:45.083 13224 13232 W System  : A resource failed to call release. 
03-24 20:46:45.083 13224 13232 W System  : A resource failed to call release. 
03-24 20:46:45.083 13224 13232 W System  : A resource failed to call release. 
03-24 20:46:45.083 13224 13232 W System  : A resource failed to call release. 
03-24 20:46:45.083 13224 13232 W System  : A resource failed to call release. 
03-24 20:46:45.083 13224 13232 W System  : A resource failed to call release. 
03-24 20:46:45.083 13224 13232 W System  : A resource failed to call release. 
03-24 20:46:45.083 13224 13232 W System  : A resource failed to call release. 
03-24 20:46:45.083 13224 13232 W System  : A resource failed to call release. 
03-24 20:46:45.083 13224 13232 W System  : A resource failed to call release. 
03-24 20:46:45.095   553   553 E SurfaceFlinger: Out of order buffers detected for RequestedLayerState{com.google.android.apps.nexuslauncher/com.google.android.apps.nexuslauncher.NexusLauncherActivity#1063 parentId=402} producedId=17 frameNumber=365 -> producedId=17 frameNumber=168
03-24 20:46:45.110   553   553 E SurfaceFlinger: Out of order buffers detected for RequestedLayerState{com.google.android.apps.nexuslauncher/com.google.android.apps.nexuslauncher.NexusLauncherActivity#1063 parentId=402} producedId=17 frameNumber=365 -> producedId=17 frameNumber=169
03-24 20:46:45.127   553   553 E SurfaceFlinger: Out of order buffers detected for RequestedLayerState{com.google.android.apps.nexuslauncher/com.google.android.apps.nexuslauncher.NexusLauncherActivity#1063 parentId=402} producedId=17 frameNumber=365 -> producedId=17 frameNumber=170
03-24 20:46:45.143   553   553 E SurfaceFlinger: Out of order buffers detected for RequestedLayerState{com.google.android.apps.nexuslauncher/com.google.android.apps.nexuslauncher.NexusLauncherActivity#1063 parentId=402} producedId=17 frameNumber=365 -> producedId=17 frameNumber=171
03-24 20:46:45.160   553   553 E SurfaceFlinger: Out of order buffers detected for RequestedLayerState{com.google.android.apps.nexuslauncher/com.google.android.apps.nexuslauncher.NexusLauncherActivity#1063 parentId=402} producedId=17 frameNumber=365 -> producedId=17 frameNumber=172
03-24 20:46:45.176   553   553 E SurfaceFlinger: Out of order buffers detected for RequestedLayerState{com.google.android.apps.nexuslauncher/com.google.android.apps.nexuslauncher.NexusLauncherActivity#1063 parentId=402} producedId=17 frameNumber=365 -> producedId=17 frameNumber=173
03-24 20:46:45.193   553   553 E SurfaceFlinger: Out of order buffers detected for RequestedLayerState{com.google.android.apps.nexuslauncher/com.google.android.apps.nexuslauncher.NexusLauncherActivity#1063 parentId=402} producedId=17 frameNumber=365 -> producedId=17 frameNumber=174
03-24 20:46:45.210   553   553 E SurfaceFlinger: Out of order buffers detected for RequestedLayerState{com.google.android.apps.nexuslauncher/com.google.android.apps.nexuslauncher.NexusLauncherActivity#1063 parentId=402} producedId=17 frameNumber=365 -> producedId=17 frameNumber=175
03-24 20:46:45.227   553   553 E SurfaceFlinger: Out of order buffers detected for RequestedLayerState{com.google.android.apps.nexuslauncher/com.google.android.apps.nexuslauncher.NexusLauncherActivity#1063 parentId=402} producedId=17 frameNumber=365 -> producedId=17 frameNumber=176
03-24 20:46:45.243   553   553 E SurfaceFlinger: Out of order buffers detected for RequestedLayerState{com.google.android.apps.nexuslauncher/com.google.android.apps.nexuslauncher.NexusLauncherActivity#1063 parentId=402} producedId=17 frameNumber=365 -> producedId=17 frameNumber=177
03-24 20:46:45.260   553   553 E SurfaceFlinger: Out of order buffers detected for RequestedLayerState{com.google.android.apps.nexuslauncher/com.google.android.apps.nexuslauncher.NexusLauncherActivity#1063 parentId=402} producedId=17 frameNumber=365 -> producedId=17 frameNumber=178
03-24 20:46:45.277   553   553 E SurfaceFlinger: Out of order buffers detected for RequestedLayerState{com.google.android.apps.nexuslauncher/com.google.android.apps.nexuslauncher.NexusLauncherActivity#1063 parentId=402} producedId=17 frameNumber=365 -> producedId=17 frameNumber=179
03-24 20:46:45.293   553   553 E SurfaceFlinger: Out of order buffers detected for RequestedLayerState{com.google.android.apps.nexuslauncher/com.google.android.apps.nexuslauncher.NexusLauncherActivity#1063 parentId=402} producedId=17 frameNumber=365 -> producedId=17 frameNumber=180
03-24 20:46:45.309   553   553 E SurfaceFlinger: Out of order buffers detected for RequestedLayerState{com.google.android.apps.nexuslauncher/com.google.android.apps.nexuslauncher.NexusLauncherActivity#1063 parentId=402} producedId=17 frameNumber=365 -> producedId=17 frameNumber=181
03-24 20:46:45.327   553   553 E SurfaceFlinger: Out of order buffers detected for RequestedLayerState{com.google.android.apps.nexuslauncher/com.google.android.apps.nexuslauncher.NexusLauncherActivity#1063 parentId=402} producedId=17 frameNumber=365 -> producedId=17 frameNumber=182
03-24 20:46:45.343   553   553 E SurfaceFlinger: Out of order buffers detected for RequestedLayerState{com.google.android.apps.nexuslauncher/com.google.android.apps.nexuslauncher.NexusLauncherActivity#1063 parentId=402} producedId=17 frameNumber=365 -> producedId=17 frameNumber=183
03-24 20:46:45.359   553   553 E SurfaceFlinger: Out of order buffers detected for RequestedLayerState{com.google.android.apps.nexuslauncher/com.google.android.apps.nexuslauncher.NexusLauncherActivity#1063 parentId=402} producedId=17 frameNumber=365 -> producedId=17 frameNumber=184
03-24 20:46:45.377   553   553 E SurfaceFlinger: Out of order buffers detected for RequestedLayerState{com.google.android.apps.nexuslauncher/com.google.android.apps.nexuslauncher.NexusLauncherActivity#1063 parentId=402} producedId=17 frameNumber=365 -> producedId=17 frameNumber=185
03-24 20:46:45.393   553   553 E SurfaceFlinger: Out of order buffers detected for RequestedLayerState{com.google.android.apps.nexuslauncher/com.google.android.apps.nexuslauncher.NexusLauncherActivity#1063 parentId=402} producedId=17 frameNumber=365 -> producedId=17 frameNumber=186
03-24 20:46:45.410   553   553 E SurfaceFlinger: Out of order buffers detected for RequestedLayerState{com.google.android.apps.nexuslauncher/com.google.android.apps.nexuslauncher.NexusLauncherActivity#1063 parentId=402} producedId=17 frameNumber=365 -> producedId=17 frameNumber=187
03-24 20:46:45.427   553   553 E SurfaceFlinger: Out of order buffers detected for RequestedLayerState{com.google.android.apps.nexuslauncher/com.google.android.apps.nexuslauncher.NexusLauncherActivity#1063 parentId=402} producedId=17 frameNumber=365 -> producedId=17 frameNumber=188
03-24 20:46:45.445   553   553 E SurfaceFlinger: Out of order buffers detected for RequestedLayerState{com.google.android.apps.nexuslauncher/com.google.android.apps.nexuslauncher.NexusLauncherActivity#1063 parentId=402} producedId=17 frameNumber=365 -> producedId=17 frameNumber=189
03-24 20:46:45.460   553   553 E SurfaceFlinger: Out of order buffers detected for RequestedLayerState{com.google.android.apps.nexuslauncher/com.google.android.apps.nexuslauncher.NexusLauncherActivity#1063 parentId=402} producedId=17 frameNumber=365 -> producedId=17 frameNumber=190
03-24 20:46:45.476   553   553 E SurfaceFlinger: Out of order buffers detected for RequestedLayerState{com.google.android.apps.nexuslauncher/com.google.android.apps.nexuslauncher.NexusLauncherActivity#1063 parentId=402} producedId=17 frameNumber=365 -> producedId=17 frameNumber=191
03-24 20:46:45.493   553   553 E SurfaceFlinger: Out of order buffers detected for RequestedLayerState{com.google.android.apps.nexuslauncher/com.google.android.apps.nexuslauncher.NexusLauncherActivity#1063 parentId=402} producedId=17 frameNumber=365 -> producedId=17 frameNumber=192
03-24 20:46:45.510   553   553 E SurfaceFlinger: Out of order buffers detected for RequestedLayerState{com.google.android.apps.nexuslauncher/com.google.android.apps.nexuslauncher.NexusLauncherActivity#1063 parentId=402} producedId=17 frameNumber=365 -> producedId=17 frameNumber=193
03-24 20:46:45.527   553   553 E SurfaceFlinger: Out of order buffers detected for RequestedLayerState{com.google.android.apps.nexuslauncher/com.google.android.apps.nexuslauncher.NexusLauncherActivity#1063 parentId=402} producedId=17 frameNumber=365 -> producedId=17 frameNumber=194
03-24 20:46:45.543   553   553 E SurfaceFlinger: Out of order buffers detected for RequestedLayerState{com.google.android.apps.nexuslauncher/com.google.android.apps.nexuslauncher.NexusLauncherActivity#1063 parentId=402} producedId=17 frameNumber=365 -> producedId=17 frameNumber=195
03-24 20:46:45.560   553   553 E SurfaceFlinger: Out of order buffers detected for RequestedLayerState{com.google.android.apps.nexuslauncher/com.google.android.apps.nexuslauncher.NexusLauncherActivity#1063 parentId=402} producedId=17 frameNumber=365 -> producedId=17 frameNumber=196
03-24 20:46:45.577   553   553 E SurfaceFlinger: Out of order buffers detected for RequestedLayerState{com.google.android.apps.nexuslauncher/com.google.android.apps.nexuslauncher.NexusLauncherActivity#1063 parentId=402} producedId=17 frameNumber=365 -> producedId=17 frameNumber=197
03-24 20:46:45.594   553   553 E SurfaceFlinger: Out of order buffers detected for RequestedLayerState{com.google.android.apps.nexuslauncher/com.google.android.apps.nexuslauncher.NexusLauncherActivity#1063 parentId=402} producedId=17 frameNumber=365 -> producedId=17 frameNumber=198
03-24 20:46:45.609   553   553 E SurfaceFlinger: Out of order buffers detected for RequestedLayerState{com.google.android.apps.nexuslauncher/com.google.android.apps.nexuslauncher.NexusLauncherActivity#1063 parentId=402} producedId=17 frameNumber=365 -> producedId=17 frameNumber=199
03-24 20:46:45.627   553   553 E SurfaceFlinger: Out of order buffers detected for RequestedLayerState{com.google.android.apps.nexuslauncher/com.google.android.apps.nexuslauncher.NexusLauncherActivity#1063 parentId=402} producedId=17 frameNumber=365 -> producedId=17 frameNumber=200
03-24 20:46:45.645   553   553 E SurfaceFlinger: Out of order buffers detected for RequestedLayerState{com.google.android.apps.nexuslauncher/com.google.android.apps.nexuslauncher.NexusLauncherActivity#1063 parentId=402} producedId=17 frameNumber=365 -> producedId=17 frameNumber=201
03-24 20:46:45.660   553   553 E SurfaceFlinger: Out of order buffers detected for RequestedLayerState{com.google.android.apps.nexuslauncher/com.google.android.apps.nexuslauncher.NexusLauncherActivity#1063 parentId=402} producedId=17 frameNumber=365 -> producedId=17 frameNumber=202
03-24 20:46:45.676   553   553 E SurfaceFlinger: Out of order buffers detected for RequestedLayerState{com.google.android.apps.nexuslauncher/com.google.android.apps.nexuslauncher.NexusLauncherActivity#1063 parentId=402} producedId=17 frameNumber=365 -> producedId=17 frameNumber=203
03-24 20:46:45.694   553   553 E SurfaceFlinger: Out of order buffers detected for RequestedLayerState{com.google.android.apps.nexuslauncher/com.google.android.apps.nexuslauncher.NexusLauncherActivity#1063 parentId=402} producedId=17 frameNumber=365 -> producedId=17 frameNumber=204
03-24 20:46:45.710   553   553 E SurfaceFlinger: Out of order buffers detected for RequestedLayerState{com.google.android.apps.nexuslauncher/com.google.android.apps.nexuslauncher.NexusLauncherActivity#1063 parentId=402} producedId=17 frameNumber=365 -> producedId=17 frameNumber=205
03-24 20:46:45.727   553   553 E SurfaceFlinger: Out of order buffers detected for RequestedLayerState{com.google.android.apps.nexuslauncher/com.google.android.apps.nexuslauncher.NexusLauncherActivity#1063 parentId=402} producedId=17 frameNumber=365 -> producedId=17 frameNumber=206
03-24 20:46:45.743   553   553 E SurfaceFlinger: Out of order buffers detected for RequestedLayerState{com.google.android.apps.nexuslauncher/com.google.android.apps.nexuslauncher.NexusLauncherActivity#1063 parentId=402} producedId=17 frameNumber=365 -> producedId=17 frameNumber=207
03-24 20:46:45.760   553   553 E SurfaceFlinger: Out of order buffers detected for RequestedLayerState{com.google.android.apps.nexuslauncher/com.google.android.apps.nexuslauncher.NexusLauncherActivity#1063 parentId=402} producedId=17 frameNumber=365 -> producedId=17 frameNumber=208
03-24 20:46:45.776   553   553 E SurfaceFlinger: Out of order buffers detected for RequestedLayerState{com.google.android.apps.nexuslauncher/com.google.android.apps.nexuslauncher.NexusLauncherActivity#1063 parentId=402} producedId=17 frameNumber=365 -> producedId=17 frameNumber=209
03-24 20:46:45.793   553   553 E SurfaceFlinger: Out of order buffers detected for RequestedLayerState{com.google.android.apps.nexuslauncher/com.google.android.apps.nexuslauncher.NexusLauncherActivity#1063 parentId=402} producedId=17 frameNumber=365 -> producedId=17 frameNumber=210
03-24 20:46:45.810   553   553 E SurfaceFlinger: Out of order buffers detected for RequestedLayerState{com.google.android.apps.nexuslauncher/com.google.android.apps.nexuslauncher.NexusLauncherActivity#1063 parentId=402} producedId=17 frameNumber=365 -> producedId=17 frameNumber=211
03-24 20:46:45.826   553   553 E SurfaceFlinger: Out of order buffers detected for RequestedLayerState{com.google.android.apps.nexuslauncher/com.google.android.apps.nexuslauncher.NexusLauncherActivity#1063 parentId=402} producedId=17 frameNumber=365 -> producedId=17 frameNumber=212
03-24 20:46:45.843   553   553 E SurfaceFlinger: Out of order buffers detected for RequestedLayerState{com.google.android.apps.nexuslauncher/com.google.android.apps.nexuslauncher.NexusLauncherActivity#1063 parentId=402} producedId=17 frameNumber=365 -> producedId=17 frameNumber=213
03-24 20:46:45.860   553   553 E SurfaceFlinger: Out of order buffers detected for RequestedLayerState{com.google.android.apps.nexuslauncher/com.google.android.apps.nexuslauncher.NexusLauncherActivity#1063 parentId=402} producedId=17 frameNumber=365 -> producedId=17 frameNumber=214
03-24 20:46:45.877   553   553 E SurfaceFlinger: Out of order buffers detected for RequestedLayerState{com.google.android.apps.nexuslauncher/com.google.android.apps.nexuslauncher.NexusLauncherActivity#1063 parentId=402} producedId=17 frameNumber=365 -> producedId=17 frameNumber=215
03-24 20:46:45.894   553   553 E SurfaceFlinger: Out of order buffers detected for RequestedLayerState{com.google.android.apps.nexuslauncher/com.google.android.apps.nexuslauncher.NexusLauncherActivity#1063 parentId=402} producedId=17 frameNumber=365 -> producedId=17 frameNumber=216
03-24 20:46:45.910   553   553 E SurfaceFlinger: Out of order buffers detected for RequestedLayerState{com.google.android.apps.nexuslauncher/com.google.android.apps.nexuslauncher.NexusLauncherActivity#1063 parentId=402} producedId=17 frameNumber=365 -> producedId=17 frameNumber=217
03-24 20:46:45.911 12990 12990 D ScalingWorkspaceRevealAnim: alpha of workspace at the end of animation: 1.0
03-24 20:46:45.913 13224 13245 V WindowManagerShell: Transition animation finished (aborted=false), notifying core (#146) android.os.BinderProxy@c46dd77@0
03-24 20:46:45.914   716   748 V WindowManager: Finish Transition (#146): created at 03-24 20:46:44.850 collect-started=0.049ms request-sent=0.116ms started=6.042ms ready=8.811ms sent=21.278ms commit=40.206ms finished=1062.7ms
03-24 20:46:45.918 13224 13245 V WindowManagerShell: Track 0 became idle
03-24 20:46:45.918 13224 13245 V WindowManagerShell: All active transition animations finished
03-24 20:46:45.919 12990 12990 D RecentsView: onTaskRemoved: 54, not handling task stack changes
03-24 20:46:45.919 12990 12990 D RecentsView: onTaskRemoved: 54, not handling task stack changes
03-24 20:46:45.927   553   553 E SurfaceFlinger: Out of order buffers detected for RequestedLayerState{com.google.android.apps.nexuslauncher/com.google.android.apps.nexuslauncher.NexusLauncherActivity#1063 parentId=402} producedId=17 frameNumber=365 -> producedId=17 frameNumber=218
03-24 20:46:45.944   553   553 E SurfaceFlinger: Out of order buffers detected for RequestedLayerState{com.google.android.apps.nexuslauncher/com.google.android.apps.nexuslauncher.NexusLauncherActivity#1063 parentId=402} producedId=17 frameNumber=365 -> producedId=17 frameNumber=219
03-24 20:46:45.960   553   553 E SurfaceFlinger: Out of order buffers detected for RequestedLayerState{com.google.android.apps.nexuslauncher/com.google.android.apps.nexuslauncher.NexusLauncherActivity#1063 parentId=402} producedId=17 frameNumber=365 -> producedId=17 frameNumber=220
03-24 20:46:45.977   553   553 E SurfaceFlinger: Out of order buffers detected for RequestedLayerState{com.google.android.apps.nexuslauncher/com.google.android.apps.nexuslauncher.NexusLauncherActivity#1063 parentId=402} producedId=17 frameNumber=365 -> producedId=17 frameNumber=221
03-24 20:46:45.994   553   553 E SurfaceFlinger: Out of order buffers detected for RequestedLayerState{com.google.android.apps.nexuslauncher/com.google.android.apps.nexuslauncher.NexusLauncherActivity#1063 parentId=402} producedId=17 frameNumber=365 -> producedId=17 frameNumber=222
03-24 20:46:46.010   553   553 E SurfaceFlinger: Out of order buffers detected for RequestedLayerState{com.google.android.apps.nexuslauncher/com.google.android.apps.nexuslauncher.NexusLauncherActivity#1063 parentId=402} producedId=17 frameNumber=365 -> producedId=17 frameNumber=223
03-24 20:46:46.027   553   553 E SurfaceFlinger: Out of order buffers detected for RequestedLayerState{com.google.android.apps.nexuslauncher/com.google.android.apps.nexuslauncher.NexusLauncherActivity#1063 parentId=402} producedId=17 frameNumber=365 -> producedId=17 frameNumber=224
03-24 20:46:46.044   553   553 E SurfaceFlinger: Out of order buffers detected for RequestedLayerState{com.google.android.apps.nexuslauncher/com.google.android.apps.nexuslauncher.NexusLauncherActivity#1063 parentId=402} producedId=17 frameNumber=365 -> producedId=17 frameNumber=225
03-24 20:46:46.060   553   553 E SurfaceFlinger: Out of order buffers detected for RequestedLayerState{com.google.android.apps.nexuslauncher/com.google.android.apps.nexuslauncher.NexusLauncherActivity#1063 parentId=402} producedId=17 frameNumber=365 -> producedId=17 frameNumber=226
03-24 20:46:46.077   553   553 E SurfaceFlinger: Out of order buffers detected for RequestedLayerState{com.google.android.apps.nexuslauncher/com.google.android.apps.nexuslauncher.NexusLauncherActivity#1063 parentId=402} producedId=17 frameNumber=365 -> producedId=17 frameNumber=227
03-24 20:46:46.093   553   553 E SurfaceFlinger: Out of order buffers detected for RequestedLayerState{com.google.android.apps.nexuslauncher/com.google.android.apps.nexuslauncher.NexusLauncherActivity#1063 parentId=402} producedId=17 frameNumber=365 -> producedId=17 frameNumber=228
03-24 20:46:46.110   553   553 E SurfaceFlinger: Out of order buffers detected for RequestedLayerState{com.google.android.apps.nexuslauncher/com.google.android.apps.nexuslauncher.NexusLauncherActivity#1063 parentId=402} producedId=17 frameNumber=365 -> producedId=17 frameNumber=229
03-24 20:46:46.127   553   553 E SurfaceFlinger: Out of order buffers detected for RequestedLayerState{com.google.android.apps.nexuslauncher/com.google.android.apps.nexuslauncher.NexusLauncherActivity#1063 parentId=402} producedId=17 frameNumber=365 -> producedId=17 frameNumber=230
03-24 20:46:46.143   553   553 E SurfaceFlinger: Out of order buffers detected for RequestedLayerState{com.google.android.apps.nexuslauncher/com.google.android.apps.nexuslauncher.NexusLauncherActivity#1063 parentId=402} producedId=17 frameNumber=365 -> producedId=17 frameNumber=231
03-24 20:46:46.160   553   553 E SurfaceFlinger: Out of order buffers detected for RequestedLayerState{com.google.android.apps.nexuslauncher/com.google.android.apps.nexuslauncher.NexusLauncherActivity#1063 parentId=402} producedId=17 frameNumber=365 -> producedId=17 frameNumber=232
03-24 20:46:46.177   553   553 E SurfaceFlinger: Out of order buffers detected for RequestedLayerState{com.google.android.apps.nexuslauncher/com.google.android.apps.nexuslauncher.NexusLauncherActivity#1063 parentId=402} producedId=17 frameNumber=365 -> producedId=17 frameNumber=233
03-24 20:46:46.193   553   553 E SurfaceFlinger: Out of order buffers detected for RequestedLayerState{com.google.android.apps.nexuslauncher/com.google.android.apps.nexuslauncher.NexusLauncherActivity#1063 parentId=402} producedId=17 frameNumber=365 -> producedId=17 frameNumber=234
03-24 20:46:46.210   553   553 E SurfaceFlinger: Out of order buffers detected for RequestedLayerState{com.google.android.apps.nexuslauncher/com.google.android.apps.nexuslauncher.NexusLauncherActivity#1063 parentId=402} producedId=17 frameNumber=365 -> producedId=17 frameNumber=235
03-24 20:46:46.227   553   553 E SurfaceFlinger: Out of order buffers detected for RequestedLayerState{com.google.android.apps.nexuslauncher/com.google.android.apps.nexuslauncher.NexusLauncherActivity#1063 parentId=402} producedId=17 frameNumber=365 -> producedId=17 frameNumber=236
03-24 20:46:46.243   553   553 E SurfaceFlinger: Out of order buffers detected for RequestedLayerState{com.google.android.apps.nexuslauncher/com.google.android.apps.nexuslauncher.NexusLauncherActivity#1063 parentId=402} producedId=17 frameNumber=365 -> producedId=17 frameNumber=237
03-24 20:46:46.260   553   553 E SurfaceFlinger: Out of order buffers detected for RequestedLayerState{com.google.android.apps.nexuslauncher/com.google.android.apps.nexuslauncher.NexusLauncherActivity#1063 parentId=402} producedId=17 frameNumber=365 -> producedId=17 frameNumber=238
03-24 20:46:46.486 17018 17018 W dumpsys : Thread Pool max thread count is 0. Cannot cache binder as linkToDeath cannot be implemented. serviceName: package
03-24 20:46:46.600   905   909 I artd    : GetBestInfo: odex next to the dex file (/data/app/~~IwY1FPkKfudSE7EvnGcrcA==/com.google.android.gms-rd8gk_uWHfry7QMeKUcwxA==/oat/x86_64/base.odex) is kOatUpToDate with filter 'speed-profile' executable 'false'
03-24 20:46:46.603   905   909 I artd    : GetBestInfo: odex next to the dex file (/data/app/~~IwY1FPkKfudSE7EvnGcrcA==/com.google.android.gms-rd8gk_uWHfry7QMeKUcwxA==/oat/x86_64/split_AdsDynamite_installtime.odex) is kOatUpToDate with filter 'speed' executable 'false'
03-24 20:46:46.604   905   909 I artd    : GetBestInfo: odex next to the dex file (/data/app/~~IwY1FPkKfudSE7EvnGcrcA==/com.google.android.gms-rd8gk_uWHfry7QMeKUcwxA==/oat/x86_64/split_CronetDynamite_installtime.odex) is kOatUpToDate with filter 'speed' executable 'false'
03-24 20:46:46.606   905   909 I artd    : GetBestInfo: odex next to the dex file (/data/app/~~IwY1FPkKfudSE7EvnGcrcA==/com.google.android.gms-rd8gk_uWHfry7QMeKUcwxA==/oat/x86_64/split_DynamiteLoader_installtime.odex) is kOatUpToDate with filter 'speed' executable 'false'
03-24 20:46:46.607   905   909 I artd    : GetBestInfo: odex next to the dex file (/data/app/~~IwY1FPkKfudSE7EvnGcrcA==/com.google.android.gms-rd8gk_uWHfry7QMeKUcwxA==/oat/x86_64/split_DynamiteModulesA_installtime.odex) is kOatUpToDate with filter 'speed' executable 'false'
03-24 20:46:46.609   905   909 I artd    : GetBestInfo: odex next to the dex file (/data/app/~~IwY1FPkKfudSE7EvnGcrcA==/com.google.android.gms-rd8gk_uWHfry7QMeKUcwxA==/oat/x86_64/split_DynamiteModulesC_installtime.odex) is kOatUpToDate with filter 'speed' executable 'false'
03-24 20:46:46.610   905   909 I artd    : GetBestInfo: odex next to the dex file (/data/app/~~IwY1FPkKfudSE7EvnGcrcA==/com.google.android.gms-rd8gk_uWHfry7QMeKUcwxA==/oat/x86_64/split_GoogleCertificates_installtime.odex) is kOatUpToDate with filter 'speed' executable 'false'
03-24 20:46:46.612   905   909 I artd    : GetBestInfo: odex next to the dex file (/data/app/~~IwY1FPkKfudSE7EvnGcrcA==/com.google.android.gms-rd8gk_uWHfry7QMeKUcwxA==/oat/x86_64/split_MapsDynamite_installtime.odex) is kOatUpToDate with filter 'speed' executable 'false'
03-24 20:46:46.613   905   909 I artd    : GetBestInfo: odex next to the dex file (/data/app/~~IwY1FPkKfudSE7EvnGcrcA==/com.google.android.gms-rd8gk_uWHfry7QMeKUcwxA==/oat/x86_64/split_MeasurementDynamite_installtime.odex) is kOatUpToDate with filter 'speed' executable 'false'
03-24 20:46:46.615   905   909 I artd    : GetBestInfo: odex next to the dex file (/data/app/~~IwY1FPkKfudSE7EvnGcrcA==/com.google.android.gms-rd8gk_uWHfry7QMeKUcwxA==/oat/x86_64/split_all_locale_splits.odex) is kOatUpToDate with filter 'speed' executable 'false'
03-24 20:46:46.615   905   909 I artd    : GetBestInfo: /data/user_de/0/com.google.android.gms/app_chimera/m/00000001/CronetDynamite.apk has no usable artifacts
03-24 20:46:46.616   905   909 I artd    : GetBestInfo: /data/user_de/0/com.google.android.gms/app_chimera/m/00000015/dl-MlkitOcrCommon.optional_261133100800.apk has no usable artifacts
03-24 20:46:46.616   905   909 I artd    : GetBestInfo: /data/user_de/0/com.google.android.gms/app_chimera/m/00000002/DynamiteLoader.apk has no usable artifacts
03-24 20:46:46.616   905   909 I artd    : GetBestInfo: /data/user_de/0/com.google.android.gms/app_chimera/m/00000005/GoogleCertificates.apk has no usable artifacts
03-24 20:46:46.618   905   909 I artd    : GetBestInfo: /data/user_de/0/com.google.android.gms/app_chimera/m/00000012/dl-Appsearch.optional_261133100800.apk has no usable artifacts
03-24 20:46:46.619   905   909 I artd    : GetBestInfo: /data/user_de/0/com.google.android.gms/app_chimera/m/00000011/dl-PlayCloudSearch.optional_261133100000.apk has no usable artifacts
03-24 20:46:46.620   905   909 I artd    : GetBestInfo: /data/user_de/0/com.google.android.gms/app_chimera/m/00000014/dl-MlkitBarcodeUi.optional_261133100800.apk has no usable artifacts
03-24 20:46:46.622   905   909 I artd    : GetBestInfo: vdex next to the dex file (/data/user/0/com.google.android.gms/app_dg_cache/E054CA794C125F959C88D4849C82AB3F226237E6/oat/x86_64/the.vdex) is kOatUpToDate with filter 'verify' executable 'false'
03-24 20:46:46.623   905   909 I artd    : GetBestInfo: /data/user_de/0/com.google.android.gms/app_chimera/m/0000000f/dl-PlayCloudSearch.optional_250834100000.apk has no usable artifacts
03-24 20:46:46.624   905   909 I artd    : GetBestInfo: /data/user_de/0/com.google.android.gms/app_chimera/m/0000000d/dl-TfliteDynamiteDynamite.integ_252130102100800.apk has no usable artifacts
03-24 20:46:46.625   905   909 I artd    : GetBestInfo: /data/user_de/0/com.google.android.gms/app_chimera/m/00000010/dl-VisionOcr.optional_261133100000.apk has no usable artifacts
03-24 20:46:46.626   905   909 I artd    : GetBestInfo: /data/user_de/0/com.google.android.gms/app_chimera/m/0000000a/dl-MlkitOcrCommon.optional_250834100800.apk has no usable artifacts
03-24 20:46:46.627   905   909 I artd    : GetBestInfo: /data/user_de/0/com.google.android.gms/app_chimera/m/00000008/dl-Appsearch.optional_250834100800.apk has no usable artifacts
03-24 20:46:46.629   905   909 I artd    : GetBestInfo: /data/user_de/0/com.google.android.gms/app_chimera/m/0000000b/dl-VisionOcr.optional_250834100000.apk has no usable artifacts
03-24 20:46:46.630   905   909 I artd    : GetBestInfo: vdex next to the dex file (/data/user/0/com.google.android.gms/app_dg_cache/492BB24C67899DCD3E45A896813896109D71DC84/oat/x86_64/the.vdex) is kOatUpToDate with filter 'verify' executable 'false'
03-24 20:46:46.631   905   909 I artd    : GetBestInfo: /data/user_de/0/com.google.android.gms/app_chimera/m/0000000e/dl-MlkitBarcodeUi.optional_250834100800.apk has no usable artifacts
03-24 20:46:46.632   905   909 I artd    : GetBestInfo: /data/user_de/0/com.google.android.gms/app_chimera/m/00000007/MeasurementDynamite.apk has no usable artifacts
03-24 20:46:48.072   716  3253 E TaskPersister: File error accessing recents directory (directory doesn't exist?).
03-24 20:46:48.135  1387  1658 D SatelliteController: iisInCarrierRoamingNbIotNtn: satellite is disabled
