--------- beginning of system
03-24 20:46:43.492   716  2089 I ActivityManager: Force stopping com.postventa.alimin appid=10224 user=0: from pid 16995
--------- beginning of main
03-24 20:46:43.494   716  2089 W IPCThreadState: Sending oneway calls to frozen process.
03-24 20:46:43.494   716  2089 W IPCThreadState: Sending oneway calls to frozen process.
03-24 20:46:43.494   716  2089 W IPCThreadState: Sending oneway calls to frozen process.
03-24 20:46:43.494   716  2089 W IPCThreadState: Sending oneway calls to frozen process.
03-24 20:46:43.494   716  2089 W IPCThreadState: Sending oneway calls to frozen process.
03-24 20:46:43.495   716  2089 W IPCThreadState: Sending oneway calls to frozen process.
03-24 20:46:43.495   716  2089 W IPCThreadState: Sending oneway calls to frozen process.
03-24 20:46:43.495   716  2089 W IPCThreadState: Sending oneway calls to frozen process.
03-24 20:46:43.495   716  2089 W IPCThreadState: Sending oneway calls to frozen process.
03-24 20:46:43.495   716  2089 W IPCThreadState: Sending oneway calls to frozen process.
03-24 20:46:43.495   716  2089 W IPCThreadState: Sending oneway calls to frozen process.
03-24 20:46:43.495   716  2089 W IPCThreadState: Sending oneway calls to frozen process.
03-24 20:46:43.496   716  2089 W IPCThreadState: Sending oneway calls to frozen process.
03-24 20:46:43.496   716  2089 W IPCThreadState: Sending oneway calls to frozen process.
03-24 20:46:43.496   716  1160 D BackgroundInstallControlService: Package event received: 0
03-24 20:46:43.496   716  1160 D BackgroundInstallControlService: Package event received: 0
03-24 20:46:43.496   716  2089 W IPCThreadState: Sending oneway calls to frozen process.
03-24 20:46:43.496   716  1160 D BackgroundInstallControlService: Package event received: 0
03-24 20:46:43.496   716  1160 D BackgroundInstallControlService: Package event received: 0
03-24 20:46:43.496   716  2089 W IPCThreadState: Sending oneway calls to frozen process.
03-24 20:46:43.496   716  2089 W IPCThreadState: Sending oneway calls to frozen process.
03-24 20:46:43.496   716  2089 W IPCThreadState: Sending oneway calls to frozen process.
03-24 20:46:43.496   716  2089 W IPCThreadState: Sending oneway calls to frozen process.
03-24 20:46:43.497   716  2089 W IPCThreadState: Sending oneway calls to frozen process.
03-24 20:46:43.497   716  1160 D BackgroundInstallControlService: Package event received: 0
03-24 20:46:43.497   716  2089 W IPCThreadState: Sending oneway calls to frozen process.
03-24 20:46:43.497   716  2089 W IPCThreadState: Sending oneway calls to frozen process.
03-24 20:46:43.497   716  2089 W IPCThreadState: Sending oneway calls to frozen process.
03-24 20:46:43.497   716  2089 W IPCThreadState: Sending oneway calls to frozen process.
03-24 20:46:43.498   716  2089 W IPCThreadState: Sending oneway calls to frozen process.
03-24 20:46:43.498   716  2089 W IPCThreadState: Sending oneway calls to frozen process.
03-24 20:46:43.498   716  2089 W IPCThreadState: Sending oneway calls to frozen process.
03-24 20:46:43.498   716  2089 W IPCThreadState: Sending oneway calls to frozen process.
03-24 20:46:43.498   716  2089 W IPCThreadState: Sending oneway calls to frozen process.
03-24 20:46:43.499   716  2089 W IPCThreadState: Sending oneway calls to frozen process.
03-24 20:46:43.499   716  2089 W IPCThreadState: Sending oneway calls to frozen process.
03-24 20:46:43.499   716  2089 W IPCThreadState: Sending oneway calls to frozen process.
03-24 20:46:43.499   716  2089 W IPCThreadState: Sending oneway calls to frozen process.
03-24 20:46:43.499   716  2089 W IPCThreadState: Sending oneway calls to frozen process.
03-24 20:46:43.499   716  2089 W IPCThreadState: Sending oneway calls to frozen process.
03-24 20:46:43.499   716  2089 W IPCThreadState: Sending oneway calls to frozen process.
03-24 20:46:43.500   716  2089 W IPCThreadState: Sending oneway calls to frozen process.
03-24 20:46:43.500   716  2089 W IPCThreadState: Sending oneway calls to frozen process.
03-24 20:46:43.500   716  2089 W IPCThreadState: Sending oneway calls to frozen process.
03-24 20:46:43.500   716  2089 W IPCThreadState: Sending oneway calls to frozen process.
03-24 20:46:43.500   716  2089 W IPCThreadState: Sending oneway calls to frozen process.
03-24 20:46:43.500   716  2089 W IPCThreadState: Sending oneway calls to frozen process.
03-24 20:46:43.500   716  2089 W IPCThreadState: Sending oneway calls to frozen process.
03-24 20:46:43.501   716  2089 W IPCThreadState: Sending oneway calls to frozen process.
03-24 20:46:43.501   716  2089 W IPCThreadState: Sending oneway calls to frozen process.
03-24 20:46:43.501   716  2089 W IPCThreadState: Sending oneway calls to frozen process.
03-24 20:46:43.502   716  2089 W IPCThreadState: Sending oneway calls to frozen process.
03-24 20:46:43.502   716  2089 W IPCThreadState: Sending oneway calls to frozen process.
03-24 20:46:43.502   716  2089 W IPCThreadState: Sending oneway calls to frozen process.
03-24 20:46:43.502   716  2089 W IPCThreadState: Sending oneway calls to frozen process.
03-24 20:46:43.502   716  2089 W IPCThreadState: Sending oneway calls to frozen process.
03-24 20:46:43.502   716  2089 W IPCThreadState: Sending oneway calls to frozen process.
03-24 20:46:43.502   716  2089 W IPCThreadState: Sending oneway calls to frozen process.
03-24 20:46:43.503   716  2089 W IPCThreadState: Sending oneway calls to frozen process.
03-24 20:46:43.503   716  1160 D BackgroundInstallControlService: Package event received: 0
03-24 20:46:43.503   716  1160 D BackgroundInstallControlService: Package event received: 0
03-24 20:46:43.503   716  1160 D BackgroundInstallControlService: Package event received: 0
03-24 20:46:43.503   716  1160 D BackgroundInstallControlService: Package event received: 0
03-24 20:46:43.504   716  2089 I AppsFilter: interaction: PackageSetting{164526f com.android.microdroid.empty_payload/10208} -> PackageSetting{d0873f com.postventa.alimin/10224} BLOCKED
03-24 20:46:43.512  1387  1387 D CarrierSvcBindHelper: onHandleForceStop: [com.postventa.alimin]
03-24 20:46:43.513  1387  1387 D CarrierSvcBindHelper: No carrier app for: 0
03-24 20:46:43.515   716   889 I system_server: AssetManager2(0x775ce7c01a58) locale list changing from [] to [en-US]
03-24 20:46:43.516   716   889 I system_server: AssetManager2(0x775ce7c9d818) locale list changing from [] to [en-US]
03-24 20:46:43.521   716   889 I system_server: AssetManager2(0x775ce7c9ead8) locale list changing from [] to [en-US]
03-24 20:46:44.560   716  2089 W ActivityTaskManager: callingPackage for (uid=2000, pid=17000) has no WPC
03-24 20:46:44.560   716  2089 V GrammaticalInflectionUtils: AttributionSource: android.content.AttributionSource@ca68d6ac does not have READ_SYSTEM_GRAMMATICAL_GENDER permission.
03-24 20:46:44.560   716  2089 W OptProp : Cannot read opt property android.window.PROPERTY_COMPAT_ALLOW_USER_ASPECT_RATIO_OVERRIDE
03-24 20:46:44.561   716  2089 W OptProp : Cannot read opt property android.window.PROPERTY_COMPAT_ALLOW_USER_ASPECT_RATIO_FULLSCREEN_OVERRIDE
03-24 20:46:44.561   716  2089 W OptProp : Cannot read opt property android.window.PROPERTY_COMPAT_ALLOW_RESIZEABLE_ACTIVITY_OVERRIDES
03-24 20:46:44.561   716  2089 W OptProp : Cannot read opt property android.window.PROPERTY_COMPAT_ALLOW_MIN_ASPECT_RATIO_OVERRIDE
03-24 20:46:44.563   716  2089 W OptProp : Cannot read opt property android.window.PROPERTY_COMPAT_ALLOW_ORIENTATION_OVERRIDE
03-24 20:46:44.564   553   578 I BpBinder: onLastStrongRef automatically unlinking death recipients: 
03-24 20:46:44.567   716  2089 I ActivityTaskManager: START u0 {flg=0x10000000 xflg=0x5 cmp=com.postventa.alimin/.MainActivity} with LAUNCH_SINGLE_TASK from uid 2000 (BAL_ALLOW_PERMISSION) result code=0
03-24 20:46:44.567 13224 13245 V WindowManagerShell: Transition requested (#145): android.os.BinderProxy@4903abb TransitionRequestInfo { type = OPEN, triggerTask = TaskInfo{userId=0 taskId=54 effectiveUid=10224 displayId=0 isRunning=true baseIntent=Intent { flg=0x10000000 cmp=com.postventa.alimin/.MainActivity } baseActivity=ComponentInfo{com.postventa.alimin/com.postventa.alimin.MainActivity} topActivity=ComponentInfo{com.postventa.alimin/com.postventa.alimin.MainActivity} origActivity=null realActivity=ComponentInfo{com.postventa.alimin/com.postventa.alimin.MainActivity} numActivities=1 lastActiveTime=16603226 supportsMultiWindow=true resizeMode=1 isResizeable=true minWidth=-1 minHeight=-1 defaultMinSize=220 token=WCT{android.window.IWindowContainerToken$Stub$Proxy@af02bd8} topActivityType=1 pictureInPictureParams=null shouldDockBigOverlays=false launchIntoPipHostTaskId=-1 lastParentTaskIdBeforePip=-1 displayCutoutSafeInsets=Rect(0, 156 - 0, 0) topActivityInfo=ActivityInfo{6aeab31 com.postventa.alimin.MainActivity} launchCookies=[] positionInParent=Point(0, 0) parentTaskId=-1 isFocused=false isVisible=false isVisibleRequested=false isTopActivityNoDisplay=false isSleeping=false locusId=null displayAreaFeatureId=1 isTopActivityTransparent=false isActivityStackTransparent=false lastNonFullscreenBounds=Rect(329, 830 - 952, 2110) capturedLink=null capturedLinkTimestamp=0 requestedVisibleTypes=-9 topActivityRequestOpenInBrowserEducationTimestamp=0 appCompatTaskInfo=AppCompatTaskInfo { topActivityInSizeCompat=false eligibleForLetterboxEducation= false isLetterboxEducationEnabled= true isLetterboxDoubleTapEnabled= false eligibleForUserAspectRatioButton= false topActivityBoundsLetterboxed= false isFromLetterboxDoubleTap= false topActivityLetterboxVerticalPosition= -1 topActivityLetterboxHorizontalPosition= -1 topActivityLetterboxWidth=-1 topActivityLetterboxHeight=-1 topActivityAppBounds=Rect(0, 0 - 1280, 2856) isUserFullscreenOverrideEnabled=false isSystemFullscreenOverrideEnabled=false hasMinAspectRatioOverride=false topActivityLetterboxBounds=null cameraCompatTaskInfo=CameraCompatTaskInfo { freeformCameraCompatMode=inactive}} topActivityMainWindowFrame=null}, pipChange = null, remoteTransition = null, displayChange = null, flags = 0, debugId = 145 }
03-24 20:46:44.567 13224 13245 D ShellSplitScreen: logExit: no-op, mLoggerSessionId is null
03-24 20:46:44.569 13224 13253 W HWUI    : Image decoding logging dropped!
03-24 20:46:44.571 12990 12990 W SplitSelectStateCtor: Missing session instanceIds
03-24 20:46:44.571 12990 12990 D StatsLog: LAUNCHER_SPLIT_SELECTION_EXIT_INTERRUPTED
03-24 20:46:44.571 13224 13245 D WindowManagerShell: setLauncherKeepClearAreaHeight: visible=false, height=603
03-24 20:46:44.572   716  2391 I AppsFilter: interaction: PackageSetting{164526f com.android.microdroid.empty_payload/10208} -> PackageSetting{af44235 com.postventa.alimin/10224} BLOCKED
03-24 20:46:44.573   599 13182 W IPCThreadState: Sending oneway calls to frozen process.
03-24 20:46:44.573   599 13182 W IPCThreadState: Sending oneway calls to frozen process.
03-24 20:46:44.574 13224 13253 W HWUI    : Image decoding logging dropped!
03-24 20:46:44.577   553   553 I BpBinder: onLastStrongRef automatically unlinking death recipients: 
03-24 20:46:44.578   716   751 V GrammaticalInflectionUtils: AttributionSource: android.content.AttributionSource@ca68d6ac does not have READ_SYSTEM_GRAMMATICAL_GENDER permission.
03-24 20:46:44.580 13224 13253 W HWUI    : Image decoding logging dropped!
03-24 20:46:44.584   716  1160 D BackgroundInstallControlService: Package event received: 0
03-24 20:46:44.586   716  2391 D CoreBackPreview: Window{a22911f u0 Splash Screen com.postventa.alimin}: Setting back callback OnBackInvokedCallbackInfo{mCallback=android.window.IOnBackInvokedCallback$Stub$Proxy@6ad5bb3, mPriority=0, mIsAnimationCallback=false, mOverrideBehavior=0}
03-24 20:46:44.596   487   487 D Zygote  : Forked child process 17003
03-24 20:46:44.598   716   758 I ActivityManager: Start proc 17003:com.postventa.alimin/u0a224 for next-top-activity {com.postventa.alimin/com.postventa.alimin.MainActivity}
03-24 20:46:44.598   716   758 I ActivityManager: ProcessObserver broadcast disabled
03-24 20:46:44.619 17003 17003 I ostventa.alimin: Using CollectorTypeCMC GC.
03-24 20:46:44.621 17003 17003 W ostventa.alimin: Unexpected CPU variant for x86: x86_64.
03-24 20:46:44.621 17003 17003 W ostventa.alimin: Known variants: atom, sandybridge, silvermont, goldmont, goldmont-plus, goldmont-without-sha-xsaves, tremont, kabylake, alderlake, default
03-24 20:46:44.668 17003 17003 I berberis: Initialized Berberis (aarch64), version 16.0.0
03-24 20:46:44.727   553   553 E SurfaceFlinger: Out of order buffers detected for RequestedLayerState{com.google.android.apps.nexuslauncher/com.google.android.apps.nexuslauncher.NexusLauncherActivity#1063 parentId=402} producedId=17 frameNumber=365 -> producedId=17 frameNumber=152
03-24 20:46:44.727   716   748 V WindowManager: Sent Transition (#145) createdAt=03-24 20:46:44.561 via request=TransitionRequestInfo { type = OPEN, triggerTask = TaskInfo{userId=0 taskId=54 effectiveUid=10224 displayId=0 isRunning=true baseIntent=Intent { flg=0x10000000 cmp=com.postventa.alimin/.MainActivity } baseActivity=ComponentInfo{com.postventa.alimin/com.postventa.alimin.MainActivity} topActivity=ComponentInfo{com.postventa.alimin/com.postventa.alimin.MainActivity} origActivity=null realActivity=ComponentInfo{com.postventa.alimin/com.postventa.alimin.MainActivity} numActivities=1 lastActiveTime=16603226 supportsMultiWindow=true resizeMode=1 isResizeable=true minWidth=-1 minHeight=-1 defaultMinSize=220 token=WCT{RemoteToken{1bb22a5 Task{ce5fbc3 #54 type=standard A=10224:com.postventa.alimin}}} topActivityType=1 pictureInPictureParams=null shouldDockBigOverlays=false launchIntoPipHostTaskId=-1 lastParentTaskIdBeforePip=-1 displayCutoutSafeInsets=Rect(0, 156 - 0, 0) topActivityInfo=ActivityInfo{1da367a com.postventa.alimin.MainActivity} launchCookies=[] positionInParent=Point(0, 0) parentTaskId=-1 isFocused=false isVisible=false isVisibleRequested=false isTopActivityNoDisplay=false isSleeping=false locusId=null displayAreaFeatureId=1 isTopActivityTransparent=false isActivityStackTransparent=false lastNonFullscreenBounds=Rect(329, 830 - 952, 2110) capturedLink=null capturedLinkTimestamp=0 requestedVisibleTypes=-9 topActivityRequestOpenInBrowserEducationTimestamp=0 appCompatTaskInfo=AppCompatTaskInfo { topActivityInSizeCompat=false eligibleForLetterboxEducation= false isLetterboxEducationEnabled= true isLetterboxDoubleTapEnabled= false eligibleForUserAspectRatioButton= false topActivityBoundsLetterboxed= false isFromLetterboxDoubleTap= false topActivityLetterboxVerticalPosition= -1 topActivityLetterboxHorizontalPosition= -1 topActivityLetterboxWidth=-1 topActivityLetterboxHeight=-1 topActivityAppBounds=Rect(0, 0 - 1280, 2856) isUserFullscreenOverrideEnabled=false isSystemFullscreenOverrideEnabled=false hasMinAspectRatioOverride=false topActivityLetterboxBounds=null cameraCompatTaskInfo=CameraCompatTaskInfo { freeformCameraCompatMode=inactive}} topActivityMainWindowFrame=null}, pipChange = null, remoteTransition = null, displayChange = null, flags = 0, debugId = 145 }
03-24 20:46:44.727   716   748 V WindowManager:     startWCT=WindowContainerTransaction { changes= {} hops= [] errorCallbackToken=null taskFragmentOrganizer=null }
03-24 20:46:44.727   716   748 V WindowManager:     info={id=145 t=OPEN f=0x0 trk=0 r=[0@Point(0, 0)] c=[
03-24 20:46:44.727   716   748 V WindowManager:         {WCT{RemoteToken{1bb22a5 Task{ce5fbc3 #54 type=standard A=10224:com.postventa.alimin}}} m=OPEN f=NONE leash=Surface(name=Task=54)/@0x898000f sb=Rect(0, 0 - 1280, 2856) eb=Rect(0, 0 - 1280, 2856) epz=Point(1280, 2856) d=0 taskParent=-1},
03-24 20:46:44.727   716   748 V WindowManager:         {WCT{RemoteToken{3045ae Task{5bc855 #1 type=home}}} m=TO_BACK f=SHOW_WALLPAPER leash=Surface(name=Task=1)/@0x4f4426c sb=Rect(0, 0 - 1280, 2856) eb=Rect(0, 0 - 1280, 2856) epz=Point(1280, 2856) d=0 taskParent=-1},
03-24 20:46:44.727   716   748 V WindowManager:         {m=TO_BACK f=IS_WALLPAPER leash=Surface(name=WallpaperWindowToken{b115d1b showWhenLocked=false})/@0xc6bb85 sb=Rect(0, 0 - 1280, 2856) eb=Rect(0, 0 - 1280, 2856) epz=Point(1280, 2856) d=0}
03-24 20:46:44.727   716   748 V WindowManager:     ]}
03-24 20:46:44.727 13224 13319 V WindowManagerShell: onTransitionReady(transaction=3075196589098)
03-24 20:46:44.727 13224 13245 V WindowManagerShell: onTransitionReady (#145) android.os.BinderProxy@4903abb: {id=145 t=OPEN f=0x0 trk=0 r=[0@Point(0, 0)] c=[
03-24 20:46:44.727 13224 13245 V WindowManagerShell:         {m=OPEN f=NONE leash=Surface(name=Task=54)/@0x1742223 sb=Rect(0, 0 - 1280, 2856) eb=Rect(0, 0 - 1280, 2856) epz=Point(1280, 2856) d=0 taskParent=-1},
03-24 20:46:44.727 13224 13245 V WindowManagerShell:         {m=TO_BACK f=SHOW_WALLPAPER leash=Surface(name=Task=1)/@0xaeb6320 sb=Rect(0, 0 - 1280, 2856) eb=Rect(0, 0 - 1280, 2856) epz=Point(1280, 2856) d=0 taskParent=-1},
03-24 20:46:44.727 13224 13245 V WindowManagerShell:         {m=TO_BACK f=IS_WALLPAPER leash=Surface(name=WallpaperWindowToken{b115d1b showWhenLocked=false})/@0x92d24d9 sb=Rect(0, 0 - 1280, 2856) eb=Rect(0, 0 - 1280, 2856) epz=Point(1280, 2856) d=0}
03-24 20:46:44.727 13224 13245 V WindowManagerShell:     ]}
03-24 20:46:44.727 13224 13245 V WindowManagerShell: Playing animation for (#145) android.os.BinderProxy@4903abb@0
03-24 20:46:44.727 13224 13245 V ShellRecents: RecentsTransitionHandler.startAnimation: no controller found
03-24 20:46:44.728 13224 13245 V WindowManagerShell: Transition doesn't have explicit remote, search filters for match for {id=145 t=OPEN f=0x0 trk=0 r=[0@Point(0, 0)] c=[{m=OPEN f=NONE leash=Surface(name=Task=54)/@0x1742223 sb=Rect(0, 0 - 1280, 2856) eb=Rect(0, 0 - 1280, 2856) epz=Point(1280, 2856) d=0 taskParent=-1},{m=TO_BACK f=SHOW_WALLPAPER leash=Surface(name=Task=1)/@0xaeb6320 sb=Rect(0, 0 - 1280, 2856) eb=Rect(0, 0 - 1280, 2856) epz=Point(1280, 2856) d=0 taskParent=-1},{m=TO_BACK f=IS_WALLPAPER leash=Surface(name=WallpaperWindowToken{b115d1b showWhenLocked=false})/@0x92d24d9 sb=Rect(0, 0 - 1280, 2856) eb=Rect(0, 0 - 1280, 2856) epz=Point(1280, 2856) d=0}]}
03-24 20:46:44.728 13224 13245 V WindowManagerShell:  Checking filter Pair{{types=[] flags=0x0] notFlags=0x0 checks=[{atype=undefined independent=true modes=[CLOSE,TO_BACK] flags=IN_TASK_WITH_EMBEDDED_ACTIVITY mustBeTask=false order=ANY topActivity=null launchCookie=null taskFragmentToken=android.os.BinderProxy@9d9abe8 windowingMode=undefined}]} RemoteTransition { remoteTransition = android.window.IRemoteTransition$Stub$Proxy@17f1201, appThread = android.app.IApplicationThread$Stub$Proxy@85d28a6, debugName = overlayBackTransition }}
03-24 20:46:44.728 13224 13245 V WindowManagerShell:  Checking filter Pair{{types=[] flags=0x0] notFlags=0x0 checks=[{atype=dream independent=true modes=[OPEN,TO_FRONT] flags=NONE mustBeTask=false order=ANY topActivity=null launchCookie=null windowingMode=undefined},{atype=home independent=true modes=[CLOSE,TO_BACK] flags=NONE mustBeTask=false order=ANY topActivity=null launchCookie=null windowingMode=undefined}]} RemoteTransition { remoteTransition = android.window.IRemoteTransition$Stub$Proxy@87112e7, appThread = android.app.IApplicationThread$Stub$Proxy@1919e94, debugName = LauncherToDream }}
03-24 20:46:44.728 13224 13245 V WindowManagerShell:  Checking filter Pair{{types=[] flags=0x0] notFlags=0x100 checks=[{atype=home independent=true modes=[OPEN,TO_FRONT] flags=NONE mustBeTask=false order=TOP topActivity=ComponentInfo{com.google.android.apps.nexuslauncher/com.google.android.apps.nexuslauncher.NexusLauncherActivity} launchCookie=null windowingMode=undefined},{atype=standard independent=true modes=[CLOSE,TO_BACK] flags=NONE mustBeTask=false order=ANY topActivity=null launchCookie=null windowingMode=undefined},{NOT atype=undefined independent=true modes=[] flags=NONE mustBeTask=true order=ANY topActivity=null launchCookie=null customAnim=true windowingMode=undefined}]} RemoteTransition { remoteTransition = android.window.IRemoteTransition$Stub$Proxy@3c9cd3d, appThread = android.app.IApplicationThread$Stub$Proxy@3a32932, debugName = QuickstepLaunchHome }}
03-24 20:46:44.728 13224 13245 V WindowManagerShell:  Delegate animation for (#145) to null
03-24 20:46:44.728 13224 13245 V WindowManagerShell: start default transition animation, info = {id=145 t=OPEN f=0x0 trk=0 r=[0@Point(0, 0)] c=[{m=OPEN f=NONE leash=Surface(name=Task=54)/@0x1742223 sb=Rect(0, 0 - 1280, 2856) eb=Rect(0, 0 - 1280, 2856) epz=Point(1280, 2856) d=0 taskParent=-1},{m=TO_BACK f=SHOW_WALLPAPER leash=Surface(name=Task=1)/@0xaeb6320 sb=Rect(0, 0 - 1280, 2856) eb=Rect(0, 0 - 1280, 2856) epz=Point(1280, 2856) d=0 taskParent=-1},{m=TO_BACK f=IS_WALLPAPER leash=Surface(name=WallpaperWindowToken{b115d1b showWhenLocked=false})/@0x92d24d9 sb=Rect(0, 0 - 1280, 2856) eb=Rect(0, 0 - 1280, 2856) epz=Point(1280, 2856) d=0}]}
03-24 20:46:44.728 13224 13245 V WindowManagerShell: loadAnimation: anim=android.view.animation.AnimationSet@2dcbd7f animAttr=0x13 type=OPEN isEntrance=false
03-24 20:46:44.728 13224 13245 V WindowManagerShell: loadAnimation: anim=android.view.animation.AnimationSet@8f3914c animAttr=0x12 type=OPEN isEntrance=true
03-24 20:46:44.729 13224 13245 V WindowManagerShell:  animated by com.android.wm.shell.transition.DefaultTransitionHandler@aa224ae
03-24 20:46:44.743   553   553 E SurfaceFlinger: Out of order buffers detected for RequestedLayerState{com.google.android.apps.nexuslauncher/com.google.android.apps.nexuslauncher.NexusLauncherActivity#1063 parentId=402} producedId=17 frameNumber=365 -> producedId=17 frameNumber=153
03-24 20:46:44.760   553   553 E SurfaceFlinger: Out of order buffers detected for RequestedLayerState{com.google.android.apps.nexuslauncher/com.google.android.apps.nexuslauncher.NexusLauncherActivity#1063 parentId=402} producedId=17 frameNumber=365 -> producedId=17 frameNumber=154
03-24 20:46:44.770 17003 17003 E ostventa.alimin: Not starting debugger since process cannot load the jdwp agent.
03-24 20:46:44.773 17003 17003 D nativeloader: Load libframework-connectivity-tiramisu-jni.so using APEX ns com_android_tethering for caller /apex/com.android.tethering/javalib/framework-connectivity-t.jar: ok
03-24 20:46:44.776   553   553 E SurfaceFlinger: Out of order buffers detected for RequestedLayerState{com.google.android.apps.nexuslauncher/com.google.android.apps.nexuslauncher.NexusLauncherActivity#1063 parentId=402} producedId=17 frameNumber=365 -> producedId=17 frameNumber=155
03-24 20:46:44.784   716  1160 D BackgroundInstallControlService: Package event received: 0
03-24 20:46:44.791 17003 17003 D nativeloader: Configuring clns-9 for other apk /data/app/~~HntrZPmTSKNI1OllsO6Fdw==/com.postventa.alimin-EsLupQZubOXifI8Qe_IoFQ==/base.apk. target_sdk_version=36, uses_libraries=, library_path=/data/app/~~HntrZPmTSKNI1OllsO6Fdw==/com.postventa.alimin-EsLupQZubOXifI8Qe_IoFQ==/lib/arm64:/data/app/~~HntrZPmTSKNI1OllsO6Fdw==/com.postventa.alimin-EsLupQZubOXifI8Qe_IoFQ==/base.apk!/lib/arm64-v8a, permitted_path=/data:/mnt/expand:/data/user/0/com.postventa.alimin
03-24 20:46:44.795   553   553 E SurfaceFlinger: Out of order buffers detected for RequestedLayerState{com.google.android.apps.nexuslauncher/com.google.android.apps.nexuslauncher.NexusLauncherActivity#1063 parentId=402} producedId=17 frameNumber=365 -> producedId=17 frameNumber=156
03-24 20:46:44.810   553   553 E SurfaceFlinger: Out of order buffers detected for RequestedLayerState{com.google.android.apps.nexuslauncher/com.google.android.apps.nexuslauncher.NexusLauncherActivity#1063 parentId=402} producedId=17 frameNumber=365 -> producedId=17 frameNumber=157
03-24 20:46:44.811 17003 17003 I ostventa.alimin: AssetManager2(0x775ce7bd8a18) locale list changing from [] to [en-US]
03-24 20:46:44.814 17003 17003 V GraphicsEnvironment: Currently set values for:
03-24 20:46:44.814 17003 17003 V GraphicsEnvironment:   angle_gl_driver_selection_pkgs=[]
03-24 20:46:44.814 17003 17003 V GraphicsEnvironment:   angle_gl_driver_selection_values=[]
03-24 20:46:44.814 17003 17003 V GraphicsEnvironment: com.postventa.alimin is not listed in per-application setting
03-24 20:46:44.814 17003 17003 V GraphicsEnvironment: ANGLE allowlist from config: com.dreamgames.royalmatch com.dts.freefiremax com.dxx.firenow com.gramgames.mergedragons com.ludo.king com.mojang.minecraftpe com.my.defense com.nintendo.zaka com.os.airforce com.playrix.fishdomdd.gplay io.teslatech.callbreak jp.konami.prospia net.peakgames.toonblast
03-24 20:46:44.814 17003 17003 V GraphicsEnvironment: com.postventa.alimin is not listed in ANGLE allowlist or settings, returning default
03-24 20:46:44.814 17003 17003 V GraphicsEnvironment: Neither updatable production driver nor prerelease driver is supported.
03-24 20:46:44.829 17003 17003 W SoLoader: Initializing SoLoader: 0
03-24 20:46:44.830 17003 17003 W SoLoader: Recording new base apk path: /data/app/~~HntrZPmTSKNI1OllsO6Fdw==/com.postventa.alimin-EsLupQZubOXifI8Qe_IoFQ==/base.apk
03-24 20:46:44.830 17003 17003 W SoLoader: Previously recorded 0 base apk paths.
03-24 20:46:44.831 17003 17003 I SoLoader: Preparing SO source: DirectorySoSource[root = /vendor/lib64 flags = 2]
03-24 20:46:44.832 17003 17003 I SoLoader: Preparing SO source: DirectorySoSource[root = /system/lib64 flags = 2]
03-24 20:46:44.832 17003 17003 I SoLoader: Preparing SO source: DirectApkSoSource[root = [/data/app/~~HntrZPmTSKNI1OllsO6Fdw==/com.postventa.alimin-EsLupQZubOXifI8Qe_IoFQ==/base.apk!/lib/x86_64]]
03-24 20:46:44.833 17003 17003 I SoLoader: Preparing SO source: ApplicationSoSource[DirectorySoSource[root = /data/app/~~HntrZPmTSKNI1OllsO6Fdw==/com.postventa.alimin-EsLupQZubOXifI8Qe_IoFQ==/lib/arm64 flags = 0]]
03-24 20:46:44.833 17003 17003 I SoLoader: init finish: 4 SO sources prepared
03-24 20:46:44.834 17003 17003 W SoLoader: SoLoader initialized: 8
03-24 20:46:44.835 17003 17003 W SoLoader: Running a recovery step for libreactnative.so due to com.facebook.soloader.SoLoaderDSONotFoundError: couldn't find DSO to load: libreactnative.so
03-24 20:46:44.835 17003 17003 W SoLoader: 	existing SO sources: 
03-24 20:46:44.835 17003 17003 W SoLoader: 		SoSource 0: ApplicationSoSource[DirectorySoSource[root = /data/app/~~HntrZPmTSKNI1OllsO6Fdw==/com.postventa.alimin-EsLupQZubOXifI8Qe_IoFQ==/lib/arm64 flags = 0]]
03-24 20:46:44.835 17003 17003 W SoLoader: 		SoSource 1: DirectApkSoSource[root = [/data/app/~~HntrZPmTSKNI1OllsO6Fdw==/com.postventa.alimin-EsLupQZubOXifI8Qe_IoFQ==/base.apk!/lib/x86_64]]
03-24 20:46:44.835 17003 17003 W SoLoader: 		SoSource 2: DirectorySoSource[root = /system/lib64 flags = 2]
03-24 20:46:44.835 17003 17003 W SoLoader: 		SoSource 3: DirectorySoSource[root = /vendor/lib64 flags = 2]
03-24 20:46:44.835 17003 17003 W SoLoader: 	Native lib dir: /data/app/~~HntrZPmTSKNI1OllsO6Fdw==/com.postventa.alimin-EsLupQZubOXifI8Qe_IoFQ==/lib/arm64
03-24 20:46:44.836 17003 17003 W soloader.recovery.CheckBaseApkExists: Base apk exists: /data/app/~~HntrZPmTSKNI1OllsO6Fdw==/com.postventa.alimin-EsLupQZubOXifI8Qe_IoFQ==/base.apk
03-24 20:46:44.836 17003 17003 W SoLoader: Running a recovery step for libreactnative.so due to com.facebook.soloader.SoLoaderDSONotFoundError: couldn't find DSO to load: libreactnative.so
03-24 20:46:44.836 17003 17003 W SoLoader: 	existing SO sources: 
03-24 20:46:44.836 17003 17003 W SoLoader: 		SoSource 0: ApplicationSoSource[DirectorySoSource[root = /data/app/~~HntrZPmTSKNI1OllsO6Fdw==/com.postventa.alimin-EsLupQZubOXifI8Qe_IoFQ==/lib/arm64 flags = 0]]
03-24 20:46:44.836 17003 17003 W SoLoader: 		SoSource 1: DirectApkSoSource[root = [/data/app/~~HntrZPmTSKNI1OllsO6Fdw==/com.postventa.alimin-EsLupQZubOXifI8Qe_IoFQ==/base.apk!/lib/x86_64]]
03-24 20:46:44.836 17003 17003 W SoLoader: 		SoSource 2: DirectorySoSource[root = /system/lib64 flags = 2]
03-24 20:46:44.836 17003 17003 W SoLoader: 		SoSource 3: DirectorySoSource[root = /vendor/lib64 flags = 2]
03-24 20:46:44.836 17003 17003 W SoLoader: 	Native lib dir: /data/app/~~HntrZPmTSKNI1OllsO6Fdw==/com.postventa.alimin-EsLupQZubOXifI8Qe_IoFQ==/lib/arm64
03-24 20:46:44.836 17003 17003 E SoLoader: Checking /data/app missing libraries.
03-24 20:46:44.837 17003 17003 E SoLoader: Successfully recovered from /data/app disk failure.
03-24 20:46:44.837 17003 17003 W SoLoader: Running a recovery step for libreactnative.so due to com.facebook.soloader.SoLoaderDSONotFoundError: couldn't find DSO to load: libreactnative.so
03-24 20:46:44.837 17003 17003 W SoLoader: 	existing SO sources: 
03-24 20:46:44.837 17003 17003 W SoLoader: 		SoSource 0: ApplicationSoSource[DirectorySoSource[root = /data/app/~~HntrZPmTSKNI1OllsO6Fdw==/com.postventa.alimin-EsLupQZubOXifI8Qe_IoFQ==/lib/arm64 flags = 0]]
03-24 20:46:44.837 17003 17003 W SoLoader: 		SoSource 1: DirectApkSoSource[root = [/data/app/~~HntrZPmTSKNI1OllsO6Fdw==/com.postventa.alimin-EsLupQZubOXifI8Qe_IoFQ==/base.apk!/lib/x86_64]]
03-24 20:46:44.837 17003 17003 W SoLoader: 		SoSource 2: DirectorySoSource[root = /system/lib64 flags = 3]
03-24 20:46:44.837 17003 17003 W SoLoader: 		SoSource 3: DirectorySoSource[root = /vendor/lib64 flags = 3]
03-24 20:46:44.837 17003 17003 W SoLoader: 	Native lib dir: /data/app/~~HntrZPmTSKNI1OllsO6Fdw==/com.postventa.alimin-EsLupQZubOXifI8Qe_IoFQ==/lib/arm64
03-24 20:46:44.837 17003 17003 E SoLoader: Checking /data/data missing libraries.
03-24 20:46:44.837 17003 17003 E SoLoader: No libraries missing from unpacking so paths while recovering /data/data failure
03-24 20:46:44.837 17003 17003 W SoLoader: Running a recovery step for libreactnative.so due to com.facebook.soloader.SoLoaderDSONotFoundError: couldn't find DSO to load: libreactnative.so
03-24 20:46:44.837 17003 17003 W SoLoader: 	existing SO sources: 
03-24 20:46:44.837 17003 17003 W SoLoader: 		SoSource 0: ApplicationSoSource[DirectorySoSource[root = /data/app/~~HntrZPmTSKNI1OllsO6Fdw==/com.postventa.alimin-EsLupQZubOXifI8Qe_IoFQ==/lib/arm64 flags = 0]]
03-24 20:46:44.837 17003 17003 W SoLoader: 		SoSource 1: DirectApkSoSource[root = [/data/app/~~HntrZPmTSKNI1OllsO6Fdw==/com.postventa.alimin-EsLupQZubOXifI8Qe_IoFQ==/base.apk!/lib/x86_64]]
03-24 20:46:44.837 17003 17003 W SoLoader: 		SoSource 2: DirectorySoSource[root = /system/lib64 flags = 3]
03-24 20:46:44.837 17003 17003 W SoLoader: 		SoSource 3: DirectorySoSource[root = /vendor/lib64 flags = 3]
03-24 20:46:44.837 17003 17003 W SoLoader: 	Native lib dir: /data/app/~~HntrZPmTSKNI1OllsO6Fdw==/com.postventa.alimin-EsLupQZubOXifI8Qe_IoFQ==/lib/arm64
03-24 20:46:44.837 17003 17003 W SoLoader: Failed to recover
03-24 20:46:44.837 17003 17003 D AndroidRuntime: Shutting down VM
--------- beginning of crash
03-24 20:46:44.837 17003 17003 E AndroidRuntime: FATAL EXCEPTION: main
03-24 20:46:44.837 17003 17003 E AndroidRuntime: Process: com.postventa.alimin, PID: 17003
03-24 20:46:44.837 17003 17003 E AndroidRuntime: com.facebook.soloader.SoLoaderDSONotFoundError: couldn't find DSO to load: libreactnative.so
03-24 20:46:44.837 17003 17003 E AndroidRuntime: 	existing SO sources: 
03-24 20:46:44.837 17003 17003 E AndroidRuntime: 		SoSource 0: ApplicationSoSource[DirectorySoSource[root = /data/app/~~HntrZPmTSKNI1OllsO6Fdw==/com.postventa.alimin-EsLupQZubOXifI8Qe_IoFQ==/lib/arm64 flags = 0]]
03-24 20:46:44.837 17003 17003 E AndroidRuntime: 		SoSource 1: DirectApkSoSource[root = [/data/app/~~HntrZPmTSKNI1OllsO6Fdw==/com.postventa.alimin-EsLupQZubOXifI8Qe_IoFQ==/base.apk!/lib/x86_64]]
03-24 20:46:44.837 17003 17003 E AndroidRuntime: 		SoSource 2: DirectorySoSource[root = /system/lib64 flags = 3]
03-24 20:46:44.837 17003 17003 E AndroidRuntime: 		SoSource 3: DirectorySoSource[root = /vendor/lib64 flags = 3]
03-24 20:46:44.837 17003 17003 E AndroidRuntime: 	Native lib dir: /data/app/~~HntrZPmTSKNI1OllsO6Fdw==/com.postventa.alimin-EsLupQZubOXifI8Qe_IoFQ==/lib/arm64
03-24 20:46:44.837 17003 17003 E AndroidRuntime: 
03-24 20:46:44.837 17003 17003 E AndroidRuntime: 	at com.facebook.soloader.SoLoader.doLoadLibraryBySoName(SoLoader.java:1216)
03-24 20:46:44.837 17003 17003 E AndroidRuntime: 	at com.facebook.soloader.SoLoader.loadLibraryBySoNameImpl(SoLoader.java:1078)
03-24 20:46:44.837 17003 17003 E AndroidRuntime: 	at com.facebook.soloader.SoLoader.loadLibraryBySoName(SoLoader.java:943)
03-24 20:46:44.837 17003 17003 E AndroidRuntime: 	at com.facebook.soloader.SoLoader.loadLibraryOnAndroid(SoLoader.java:859)
03-24 20:46:44.837 17003 17003 E AndroidRuntime: 	at com.facebook.soloader.SoLoader.loadLibrary(SoLoader.java:842)
03-24 20:46:44.837 17003 17003 E AndroidRuntime: 	at com.facebook.soloader.SoLoader.loadLibrary(SoLoader.java:812)
03-24 20:46:44.837 17003 17003 E AndroidRuntime: 	at com.facebook.react.internal.featureflags.ReactNativeFeatureFlagsCxxInterop.<clinit>(ReactNativeFeatureFlagsCxxInterop.kt:28)
03-24 20:46:44.837 17003 17003 E AndroidRuntime: 	at com.facebook.react.internal.featureflags.ReactNativeFeatureFlagsCxxAccessor.override(ReactNativeFeatureFlagsCxxAccessor.kt:875)
03-24 20:46:44.837 17003 17003 E AndroidRuntime: 	at com.facebook.react.internal.featureflags.ReactNativeFeatureFlags.override(ReactNativeFeatureFlags.kt:558)
03-24 20:46:44.837 17003 17003 E AndroidRuntime: 	at com.facebook.react.defaults.DefaultNewArchitectureEntryPoint.load(DefaultNewArchitectureEntryPoint.kt:101)
03-24 20:46:44.837 17003 17003 E AndroidRuntime: 	at com.facebook.react.defaults.DefaultNewArchitectureEntryPoint.load(DefaultNewArchitectureEntryPoint.kt:43)
03-24 20:46:44.837 17003 17003 E AndroidRuntime: 	at com.facebook.react.ReactNativeApplicationEntryPoint.loadReactNative(ReactNativeApplicationEntryPoint.java:31)
03-24 20:46:44.837 17003 17003 E AndroidRuntime: 	at com.postventa.alimin.MainApplication.onCreate(MainApplication.kt:37)
03-24 20:46:44.837 17003 17003 E AndroidRuntime: 	at android.app.Instrumentation.callApplicationOnCreate(Instrumentation.java:1381)
03-24 20:46:44.837 17003 17003 E AndroidRuntime: 	at android.app.ActivityThread.handleBindApplication(ActivityThread.java:7830)
03-24 20:46:44.837 17003 17003 E AndroidRuntime: 	at android.app.ActivityThread.-$$Nest$mhandleBindApplication(Unknown Source:0)
03-24 20:46:44.837 17003 17003 E AndroidRuntime: 	at android.app.ActivityThread$H.handleMessage(ActivityThread.java:2546)
03-24 20:46:44.837 17003 17003 E AndroidRuntime: 	at android.os.Handler.dispatchMessage(Handler.java:110)
03-24 20:46:44.837 17003 17003 E AndroidRuntime: 	at android.os.Looper.loopOnce(Looper.java:248)
03-24 20:46:44.837 17003 17003 E AndroidRuntime: 	at android.os.Looper.loop(Looper.java:338)
03-24 20:46:44.837 17003 17003 E AndroidRuntime: 	at android.app.ActivityThread.main(ActivityThread.java:9067)
03-24 20:46:44.837 17003 17003 E AndroidRuntime: 	at java.lang.reflect.Method.invoke(Native Method)
03-24 20:46:44.837 17003 17003 E AndroidRuntime: 	at com.android.internal.os.RuntimeInit$MethodAndArgsCaller.run(RuntimeInit.java:593)
03-24 20:46:44.837 17003 17003 E AndroidRuntime: 	at com.android.internal.os.ZygoteInit.main(ZygoteInit.java:932)
03-24 20:46:44.841 17003 17003 I Process : Sending signal. PID: 17003 SIG: 9
03-24 20:46:44.850   716  2086 I ActivityManager: Process com.postventa.alimin (pid 17003) has died: fg  TOP 
03-24 20:46:44.850   716  2086 W ActivityTaskManager: ProcessRecord{bf8517 17003:com.postventa.alimin/u0a224} is removed with pending start ActivityRecord{188414834 u0 com.postventa.alimin/.MainActivity t54}
03-24 20:46:44.852 13224 13245 V WindowManagerShell: Transition requested (#146): android.os.BinderProxy@c46dd77 TransitionRequestInfo { type = CLOSE, triggerTask = TaskInfo{userId=0 taskId=54 effectiveUid=10224 displayId=0 isRunning=false baseIntent=Intent { flg=0x10000000 cmp=com.postventa.alimin/.MainActivity } baseActivity=null topActivity=null origActivity=null realActivity=ComponentInfo{com.postventa.alimin/com.postventa.alimin.MainActivity} numActivities=0 lastActiveTime=16603226 supportsMultiWindow=true resizeMode=1 isResizeable=true minWidth=-1 minHeight=-1 defaultMinSize=220 token=WCT{android.window.IWindowContainerToken$Stub$Proxy@2b0bde4} topActivityType=1 pictureInPictureParams=null shouldDockBigOverlays=false launchIntoPipHostTaskId=-1 lastParentTaskIdBeforePip=-1 displayCutoutSafeInsets=Rect(0, 0 - 0, 0) topActivityInfo=null launchCookies=[] positionInParent=Point(0, 0) parentTaskId=-1 isFocused=false isVisible=true isVisibleRequested=true isTopActivityNoDisplay=false isSleeping=false locusId=null displayAreaFeatureId=1 isTopActivityTransparent=false isActivityStackTransparent=true lastNonFullscreenBounds=Rect(329, 830 - 952, 2110) capturedLink=null capturedLinkTimestamp=0 requestedVisibleTypes=-9 topActivityRequestOpenInBrowserEducationTimestamp=0 appCompatTaskInfo=AppCompatTaskInfo { topActivityInSizeCompat=false eligibleForLetterboxEducation= false isLetterboxEducationEnabled= false isLetterboxDoubleTapEnabled= false eligibleForUserAspectRatioButton= false topActivityBoundsLetterboxed= false isFromLetterboxDoubleTap= false topActivityLetterboxVerticalPosition= -1 topActivityLetterboxHorizontalPosition= -1 topActivityLetterboxWidth=-1 topActivityLetterboxHeight=-1 topActivityAppBounds=Rect(0, 0 - 0, 0) isUserFullscreenOverrideEnabled=false isSystemFullscreenOverrideEnabled=false hasMinAspectRatioOverride=false topActivityLetterboxBounds=null cameraCompatTaskInfo=CameraCompatTaskInfo { freeformCameraCompatMode=undefined}} topActivityMainWindowFrame=null}, pipChange = null, remoteTransition = null, displayChange = null, flags = 0, debugId = 146 }
03-24 20:46:44.856   716   759 I libprocessgroup: Removed cgroup /sys/fs/cgroup/apps/uid_10224/pid_17003
03-24 20:46:44.857 13224 13245 D WindowManagerShell: setLauncherKeepClearAreaHeight: visible=true, height=603
03-24 20:46:44.857 12990 12990 D StatsLog: LAUNCHER_ONRESUME
03-24 20:46:44.859   716  1111 D InetDiagMessage: Destroyed 0 sockets, proto=IPPROTO_TCP, family=AF_INET, states=14
03-24 20:46:44.860   716  1111 D InetDiagMessage: Destroyed 0 sockets, proto=IPPROTO_TCP, family=AF_INET6, states=14
03-24 20:46:44.860   716  1111 D InetDiagMessage: Destroyed live tcp sockets for uids={10224} in 1ms
03-24 20:46:44.862   716  1111 D InetDiagMessage: Destroyed 0 sockets, proto=IPPROTO_TCP, family=AF_INET, states=14
03-24 20:46:44.862   716  1111 D InetDiagMessage: Destroyed 0 sockets, proto=IPPROTO_TCP, family=AF_INET6, states=14
03-24 20:46:44.862   487   487 I Zygote  : Process 17003 exited due to signal 9 (Killed)
03-24 20:46:44.862   716  1111 D InetDiagMessage: Destroyed live tcp sockets for uids={20224} in 3ms
03-24 20:46:44.866   553   691 I BpBinder: onLastStrongRef automatically unlinking death recipients: 
03-24 20:46:44.867   716   861 W UsageStatsService: Unexpected activity event reported! (com.postventa.alimin/com.postventa.alimin.MainActivity event : 23 instanceId : 208915520)
03-24 20:46:44.867   716  1160 D BackgroundInstallControlService: Package event received: 0
03-24 20:46:44.867   716  1160 D BackgroundInstallControlService: Package event received: 0
03-24 20:46:44.869 12990 12990 I NotificationListener: Handling notification state refresh for android#0
03-24 20:46:44.869 12990 12990 I NotificationListener: Handling notification state refresh for com.android.systemui#0
03-24 20:46:44.869 12990 13026 D QuickstepModelDelegate: notifyAppTargetEvent action=1 launchLocation=workspace/0/[-1,-1]/[1,1]
03-24 20:46:44.870  1881  2257 I AiAiEcho: Predicting[0]:  [CONTEXT sampling_count=5 ]
03-24 20:46:44.870  1881  2257 I AiAiEcho: EchoTargets: 
03-24 20:46:44.870  1881  2257 I AiAiEcho: Filtered by AiAi flag check: 
03-24 20:46:44.870  1881  2257 I AiAiEcho: [CONTEXT ratelimit_period="10 SECONDS" ]
03-24 20:46:44.871  1881  2257 I AiAiEcho: #remoteViewsTwiddler: feature disabled.
03-24 20:46:44.873 13224 13255 V WindowManagerShell: onTransitionReady(transaction=3075196589105)
03-24 20:46:44.874 13224 13245 V WindowManagerShell: onTransitionReady (#146) android.os.BinderProxy@c46dd77: {id=146 t=CLOSE f=0x0 trk=0 r=[0@Point(0, 0)] c=[
03-24 20:46:44.874 13224 13245 V WindowManagerShell:         {m=TO_FRONT f=SHOW_WALLPAPER|MOVE_TO_TOP leash=Surface(name=Task=1)/@0x174824d sb=Rect(0, 0 - 1280, 2856) eb=Rect(0, 0 - 1280, 2856) epz=Point(1280, 2856) d=0 taskParent=-1},
03-24 20:46:44.874 13224 13245 V WindowManagerShell:         {m=CLOSE f=NONE leash=Surface(name=Task=54)/@0x2dd2102 sb=Rect(0, 0 - 1280, 2856) eb=Rect(0, 0 - 1280, 2856) epz=Point(1280, 2856) d=0 taskParent=-1},
03-24 20:46:44.874 13224 13245 V WindowManagerShell:         {m=TO_FRONT f=IS_WALLPAPER leash=Surface(name=WallpaperWindowToken{b115d1b showWhenLocked=false})/@0x1c1da13 sb=Rect(0, 0 - 1280, 2856) eb=Rect(0, 0 - 1280, 2856) epz=Point(1280, 2856) d=0}
03-24 20:46:44.874 13224 13245 V WindowManagerShell:     ]}
03-24 20:46:44.874 13224 13245 V WindowManagerShell: Transition (#146) android.os.BinderProxy@c46dd77@0 ready while (#145) android.os.BinderProxy@4903abb@0 is still animating. Notify the animating transition in case they can be merged
03-24 20:46:44.876 13224 13245 V WindowManagerShell: Transition animation finished (aborted=false), notifying core (#145) android.os.BinderProxy@4903abb@0
03-24 20:46:44.896  1881  2257 I AiAiEcho: #postPredictionTargets: Sending updates to UISurface home with targets# 0 (types=[])
03-24 20:46:44.896   716   748 V WindowManager: Sent Transition (#146) createdAt=03-24 20:46:44.850 via request=TransitionRequestInfo { type = CLOSE, triggerTask = TaskInfo{userId=0 taskId=54 effectiveUid=10224 displayId=0 isRunning=false baseIntent=Intent { flg=0x10000000 cmp=com.postventa.alimin/.MainActivity } baseActivity=null topActivity=null origActivity=null realActivity=ComponentInfo{com.postventa.alimin/com.postventa.alimin.MainActivity} numActivities=0 lastActiveTime=16603226 supportsMultiWindow=true resizeMode=1 isResizeable=true minWidth=-1 minHeight=-1 defaultMinSize=220 token=WCT{RemoteToken{1bb22a5 Task{ce5fbc3 #54 type=standard A=10224:com.postventa.alimin}}} topActivityType=1 pictureInPictureParams=null shouldDockBigOverlays=false launchIntoPipHostTaskId=-1 lastParentTaskIdBeforePip=-1 displayCutoutSafeInsets=Rect(0, 0 - 0, 0) topActivityInfo=null launchCookies=[] positionInParent=Point(0, 0) parentTaskId=-1 isFocused=false isVisible=true isVisibleRequested=true isTopActivityNoDisplay=false isSleeping=false locusId=null displayAreaFeatureId=1 isTopActivityTransparent=false isActivityStackTransparent=true lastNonFullscreenBounds=Rect(329, 830 - 952, 2110) capturedLink=null capturedLinkTimestamp=0 requestedVisibleTypes=-9 topActivityRequestOpenInBrowserEducationTimestamp=0 appCompatTaskInfo=AppCompatTaskInfo { topActivityInSizeCompat=false eligibleForLetterboxEducation= false isLetterboxEducationEnabled= false isLetterboxDoubleTapEnabled= false eligibleForUserAspectRatioButton= false topActivityBoundsLetterboxed= false isFromLetterboxDoubleTap= false topActivityLetterboxVerticalPosition= -1 topActivityLetterboxHorizontalPosition= -1 topActivityLetterboxWidth=-1 topActivityLetterboxHeight=-1 topActivityAppBounds=Rect(0, 0 - 0, 0) isUserFullscreenOverrideEnabled=false isSystemFullscreenOverrideEnabled=false hasMinAspectRatioOverride=false topActivityLetterboxBounds=null cameraCompatTaskInfo=CameraCompatTaskInfo { freeformCameraCompatMode=undefined}} topActivityMainWindowFrame=null}, pipChange = null, remoteTransition = null, displayChange = null, flags = 0, debugId = 146 }
03-24 20:46:44.897   716   748 V WindowManager:     startWCT=WindowContainerTransaction { changes= {} hops= [] errorCallbackToken=null taskFragmentOrganizer=null }
03-24 20:46:44.897   716   748 V WindowManager:     info={id=146 t=CLOSE f=0x0 trk=0 r=[0@Point(0, 0)] c=[
03-24 20:46:44.897   716   748 V WindowManager:         {WCT{RemoteToken{3045ae Task{5bc855 #1 type=home}}} m=TO_FRONT f=SHOW_WALLPAPER|MOVE_TO_TOP leash=Surface(name=Task=1)/@0x4f4426c sb=Rect(0, 0 - 1280, 2856) eb=Rect(0, 0 - 1280, 2856) epz=Point(1280, 2856) d=0 taskParent=-1},
03-24 20:46:44.897   716   748 V WindowManager:         {WCT{RemoteToken{1bb22a5 Task{ce5fbc3 #54 type=standard A=10224:com.postventa.alimin}}} m=CLOSE f=NONE leash=Surface(name=Task=54)/@0x898000f sb=Rect(0, 0 - 1280, 2856) eb=Rect(0, 0 - 1280, 2856) epz=Point(1280, 2856) d=0 taskParent=-1},
03-24 20:46:44.897   716   748 V WindowManager:         {m=TO_FRONT f=IS_WALLPAPER leash=Surface(name=WallpaperWindowToken{b115d1b showWhenLocked=false})/@0xc6bb85 sb=Rect(0, 0 - 1280, 2856) eb=Rect(0, 0 - 1280, 2856) epz=Point(1280, 2856) d=0}
03-24 20:46:44.897   716   748 V WindowManager:     ]}
03-24 20:46:44.898 12990 12990 D SsBaseTemplateCard: No text view can be set up
03-24 20:46:44.898 12990 12990 D SsBaseTemplateCard: Passed-in item info is null
03-24 20:46:44.898 12990 12990 D SsBaseTemplateCard: Passed-in item info is null
03-24 20:46:44.898 12990 12990 D SsBaseTemplateCard: Passed-in item info is null
03-24 20:46:44.898 12990 12990 I SsBaseTemplateCard: Secondary card pane is null
03-24 20:46:44.899   716   748 V WindowManager: Finish Transition (#145): created at 03-24 20:46:44.561 collect-started=0.056ms request-sent=5.39ms started=8.682ms ready=160.678ms sent=164.582ms commit=18.207ms finished=337.349ms
03-24 20:46:44.900 13224 13245 V WindowManagerShell: Playing animation for (#146) android.os.BinderProxy@c46dd77@0
03-24 20:46:44.900 13224 13245 V ShellRecents: RecentsTransitionHandler.startAnimation: no controller found
03-24 20:46:44.900 13224 13245 V WindowManagerShell: Transition doesn't have explicit remote, search filters for match for {id=146 t=CLOSE f=0x0 trk=0 r=[0@Point(0, 0)] c=[{m=TO_FRONT f=SHOW_WALLPAPER|MOVE_TO_TOP leash=Surface(name=Task=1)/@0x174824d sb=Rect(0, 0 - 1280, 2856) eb=Rect(0, 0 - 1280, 2856) epz=Point(1280, 2856) d=0 taskParent=-1},{m=CLOSE f=NONE leash=Surface(name=Task=54)/@0x2dd2102 sb=Rect(0, 0 - 1280, 2856) eb=Rect(0, 0 - 1280, 2856) epz=Point(1280, 2856) d=0 taskParent=-1},{m=TO_FRONT f=IS_WALLPAPER leash=Surface(name=WallpaperWindowToken{b115d1b showWhenLocked=false})/@0x1c1da13 sb=Rect(0, 0 - 1280, 2856) eb=Rect(0, 0 - 1280, 2856) epz=Point(1280, 2856) d=0}]}
03-24 20:46:44.900 13224 13245 V WindowManagerShell:  Checking filter Pair{{types=[] flags=0x0] notFlags=0x0 checks=[{atype=undefined independent=true modes=[CLOSE,TO_BACK] flags=IN_TASK_WITH_EMBEDDED_ACTIVITY mustBeTask=false order=ANY topActivity=null launchCookie=null taskFragmentToken=android.os.BinderProxy@9d9abe8 windowingMode=undefined}]} RemoteTransition { remoteTransition = android.window.IRemoteTransition$Stub$Proxy@17f1201, appThread = android.app.IApplicationThread$Stub$Proxy@85d28a6, debugName = overlayBackTransition }}
03-24 20:46:44.900 13224 13245 V WindowManagerShell:  Checking filter Pair{{types=[] flags=0x0] notFlags=0x0 checks=[{atype=dream independent=true modes=[OPEN,TO_FRONT] flags=NONE mustBeTask=false order=ANY topActivity=null launchCookie=null windowingMode=undefined},{atype=home independent=true modes=[CLOSE,TO_BACK] flags=NONE mustBeTask=false order=ANY topActivity=null launchCookie=null windowingMode=undefined}]} RemoteTransition { remoteTransition = android.window.IRemoteTransition$Stub$Proxy@87112e7, appThread = android.app.IApplicationThread$Stub$Proxy@1919e94, debugName = LauncherToDream }}
03-24 20:46:44.900 13224 13245 V WindowManagerShell:  Checking filter Pair{{types=[] flags=0x0] notFlags=0x100 checks=[{atype=home independent=true modes=[OPEN,TO_FRONT] flags=NONE mustBeTask=false order=TOP topActivity=ComponentInfo{com.google.android.apps.nexuslauncher/com.google.android.apps.nexuslauncher.NexusLauncherActivity} launchCookie=null windowingMode=undefined},{atype=standard independent=true modes=[CLOSE,TO_BACK] flags=NONE mustBeTask=false order=ANY topActivity=null launchCookie=null windowingMode=undefined},{NOT atype=undefined independent=true modes=[] flags=NONE mustBeTask=true order=ANY topActivity=null launchCookie=null customAnim=true windowingMode=undefined}]} RemoteTransition { remoteTransition = android.window.IRemoteTransition$Stub$Proxy@3c9cd3d, appThread = android.app.IApplicationThread$Stub$Proxy@3a32932, debugName = QuickstepLaunchHome }}
03-24 20:46:44.900 13224 13245 D RemoteTransitionHandler: Found filterPair{{types=[] flags=0x0] notFlags=0x100 checks=[{atype=home independent=true modes=[OPEN,TO_FRONT] flags=NONE mustBeTask=false order=TOP topActivity=ComponentInfo{com.google.android.apps.nexuslauncher/com.google.android.apps.nexuslauncher.NexusLauncherActivity} launchCookie=null windowingMode=undefined},{atype=standard independent=true modes=[CLOSE,TO_BACK] flags=NONE mustBeTask=false order=ANY topActivity=null launchCookie=null windowingMode=undefined},{NOT atype=undefined independent=true modes=[] flags=NONE mustBeTask=true order=ANY topActivity=null launchCookie=null customAnim=true windowingMode=undefined}]} RemoteTransition { remoteTransition = android.window.IRemoteTransition$Stub$Proxy@3c9cd3d, appThread = android.app.IApplicationThread$Stub$Proxy@3a32932, debugName = QuickstepLaunchHome }}
03-24 20:46:44.900 13224 13245 V WindowManagerShell:  Delegate animation for (#146) to RemoteTransition { remoteTransition = android.window.IRemoteTransition$Stub$Proxy@3c9cd3d, appThread = android.app.IApplicationThread$Stub$Proxy@3a32932, debugName = QuickstepLaunchHome }
03-24 20:46:44.901 13224 13245 V WindowManagerShell:  animated by com.android.wm.shell.transition.RemoteTransitionHandler@60d3514
03-24 20:46:44.904 12990 12990 D StateManager: createAtomicAnimation - fromState: Background, toState: Normal, partial trace:
03-24 20:46:44.904 12990 12990 D StateManager: 	at com.android.quickstep.util.ScalingWorkspaceRevealAnim.<init>(go/retraceme 72a59688580715d19f0e415c69e80376c2f062d1648c80db6730905005a27c20:39)
03-24 20:46:44.904 12990 12990 D StateManager: 	at com.android.launcher3.QuickstepTransitionManager.createWallpaperOpenAnimations(go/retraceme 72a59688580715d19f0e415c69e80376c2f062d1648c80db6730905005a27c20:168)
